28SEP2026|786|0813|786 Invest Ltd|21.88|21.88|20.36|21.21|39832|21.35|||
28SEP2026|AABS|0826|Al-Abbas Sugar|799.99|799.99|775|783.09|267|773.69|||
28SEP2026|AATM|0830|Ali Asghar Textile|44.0|44|40.5|41.1|1506|42.47|||
28SEP2026|ABL|0807|Allied Bank Ltd|170.2|171.49|169.02|170.01|28499|170.2|||
28SEP2026|ABOT|0823|Abbott Lab.|938.0|938|920|927.73|1892|933.39|||
28SEP2026|ACIETF|0837|Alfalah Consumer|16.55|16.55|16.55|16.55|500|16.65|||
28SEP2026|ACPL|0804|Attock Cement|238.87|241.5|235.01|240.62|23029|238.87|||
28SEP2026|ADAMS|0826|Adam Sugar|68.67|70|65.2|68.49|3366|68.67|||
28SEP2026|ADMM|0829|Artistic Denim|55.26|57.89|54.6|55.24|45633|56.19|||
28SEP2026|AGHA|0808|Agha Steel Ind.|6.62|6.79|6.61|6.65|947010|6.7|||
28SEP2026|AGHA-OCT|40|Agha Steel Ind.|7.08|7.08|6.7|6.72|250500|6.75|||
28SEP2026|AGIC|0812|Ask.Gen.Insurance|39.05|40.19|39.04|39.95|820|39.36|||
28SEP2026|AGIL|0802|Agriautos Ind.|148.99|148.99|147|147.63|11737|146.99|||
28SEP2026|AGL|0809|Agritech Limited|46.5|48|44.5|46.25|37214|44.76|||
28SEP2026|AGP|0823|AGP Limited|158.86|159|156.5|157.87|154283|158.76|||
28SEP2026|AGP-CDEC|40|AGP Limited|0.0|0|0|163.86|0|164.86|||
28SEP2026|AGP-CNOV|40|AGP Limited|0.0|0|0|162|0|162.98|||
28SEP2026|AGP-COCT|40|AGP Limited|0.0|0|0|160.07|0|161.04|||
28SEP2026|AGP-DEC|40|AGP Limited|0.0|0|0|163.86|0|164.86|||
28SEP2026|AGP-NOV|40|AGP Limited|0.0|0|0|162|0|162.98|||
28SEP2026|AGP-OCTB|40|AGP Limited|157.0|157|155|157|6500|157.5|||
28SEP2026|AGSML|0826|Abdullah Shah|9.21|9.35|9|9.06|139710|9.2|||
28SEP2026|AGTL|0801|AL-Ghazi Tractors|345.0|350|341.1|344.1|67373|344.9|||
28SEP2026|AHCL|0809|Arif Habib Corp|15.71|16.01|15.63|15.84|1527615|15.59|||
28SEP2026|AHL|0813|Arif Habib LtdXD|108.41|109.7|103.5|107.03|450691|108.33|||
28SEP2026|AHTM|0829|Ahmed Hassan|92.0|92|81|87.02|346|86.9|||
28SEP2026|AICL|0812|Adamjee Ins.|98.8|98.8|95.5|96.33|260057|98.13|||
28SEP2026|AICL-DEC|40|Adamjee Ins.|0.0|0|0|99.99|0|101.9|||
28SEP2026|AICL-NOV|40|Adamjee Ins.|0.0|0|0|98.85|0|100.74|||
28SEP2026|AICL-OCTB|40|Adamjee Ins.|98.34|98.34|96.89|96.89|161500|99.81|||
28SEP2026|AIRLINK|0828|Air Link Commun|125.64|128.67|125|127.9|312221|125.64|||
28SEP2026|AIRLINK-CDEC|40|Air Link Commun|0.0|0|0|132.76|0|130.47|||
28SEP2026|AIRLINK-CNOV|40|Air Link Commun|0.0|0|0|131.25|0|128.98|||
28SEP2026|AIRLINK-COCT|40|Air Link Commun|0.0|0|0|129.69|0|127.45|||
28SEP2026|AIRLINK-DEC|40|Air Link Commun|0.0|0|0|132.76|0|130.47|||
28SEP2026|AIRLINK-NOV|40|Air Link Commun|0.0|0|0|131.25|0|128.98|||
28SEP2026|AIRLINK-OCT|40|Air Link Commun|127.0|130|127|129.09|93500|126.51|||
28SEP2026|AKBL|0807|Askari Bank|107.65|107.8|106.51|107.22|818794|107.7|||
28SEP2026|AKBL-DEC|40|Askari Bank|0.0|0|0|111.29|0|111.84|||
28SEP2026|AKBL-NOV|40|Askari Bank|0.0|0|0|110.03|0|110.56|||
28SEP2026|AKBL-OCT|40|Askari Bank|108.5|108.67|107.51|108.15|91500|108.55|||
28SEP2026|AKDHL|0818|AKD Hospitality|154.0|154.1|143.88|151.22|346|151.14|||
28SEP2026|AKDSL|0813|AKD Securites|33.26|33.99|32.75|33.5|87331|33.36|||
28SEP2026|AKGL|0818|AL-Khair Gadoon|56.94|59.84|52.2|56.94|432|56.94|||
28SEP2026|ALAC|0812|Askari Life Ass|24.43|24.43|23.81|24.25|6033|24.43|||
28SEP2026|ALIFE|0812|Adamjee Life Ass.XD|31.92|31.92|30.99|30.45|469|30.45|||
28SEP2026|ALNRS|0826|AL-Noor Sugar|117.01|125.99|117|124.95|136|124.95|||
28SEP2026|ALTN|0824|Altern Energy|6.83|6.83|6.6|6.62|22603|6.7|||
28SEP2026|AMBL|0813|Apna Microfin.|19.9|19.9|19.8|19.8|454|19.8|||
28SEP2026|AMTEX|0830|Amtex Limited|4.06|4.06|3.82|3.85|65931|3.92|||
28SEP2026|ANL|0829|Azgard Nine|9.16|9.39|9.1|9.15|188414|9.15|||
28SEP2026|ANLNV|0829|Azgard(Non-Voti)(PR)|8.47|8.47|7.48|7.84|5099|8.47|||
28SEP2026|ANSM|0826|Ansari Sugar|23.89|24.75|23.36|24.13|7315|23.89|||
28SEP2026|ANTM|0829|AN Textile Mill|83.4|83.4|76.54|80.36|8332|77.19|||
28SEP2026|APL|0821|Attock Petroleum|584.0|585|577.51|578.43|40315|580|||
28SEP2026|APL-CDEC|40|Attock Petroleum|0.0|0|0|600.39|0|602.28|||
28SEP2026|APL-CNOV|40|Attock Petroleum|0.0|0|0|593.58|0|595.41|||
28SEP2026|APL-COCT|40|Attock Petroleum|0.0|0|0|586.51|0|588.34|||
28SEP2026|ARCTM|0830|Arctic Textile|49.57|53.9|48.1|53.9|1181210|49|||
28SEP2026|ARMG|0813|ARM Green Indus.|53.0|53|53|52.91|104|52.91|||
28SEP2026|ARPAK|0818|Arpak Int.|136.58|140.87|131.5|133.59|667|136.58|||
28SEP2026|ARPL|0805|Archroma PakXD|392.01|397|386.1|392.3|15059|391.57|||
28SEP2026|ARUJ|0829|Aruj Industries|9.99|9.99|9.5|9.67|80388|9.71|||
28SEP2026|ASC|0810|Al-Shaheer Corp|8.52|8.75|8.49|8.6|105344|8.52|||
28SEP2026|ASHT|0831|Ashfaq Textile|47.0|54.62|45.52|54.07|119517|49.65|||
28SEP2026|ASIC|0812|Asia Insurance|33.85|38.75|33.85|37.52|20|37.52|||
28SEP2026|ASL|0808|Aisha Steel Mill|16.24|16.81|16.03|16.55|3113467|16.18|||
28SEP2026|ASLCPS|0808|Aisha Steel (PR)|75.0|82|75|75|159|75|||
28SEP2026|ASL-DEC|40|Aisha Steel Mill|0.0|0|0|17.18|0|16.8|||
28SEP2026|ASL-NOV|40|Aisha Steel Mill|0.0|0|0|16.98|0|16.61|||
28SEP2026|ASL-OCT|40|Aisha Steel Mill|16.35|16.95|16.21|16.7|1215500|16.27|||
28SEP2026|ASLPS|0808|Aisha Steel (PR)|24.75|26.1|24.75|26.03|238|26.03|||
28SEP2026|ASTL|0808|Amreli Steels|19.74|20.3|19.51|19.62|1588435|19.76|||
28SEP2026|ASTM|0830|Asim Textile|79.18|94.36|79.18|94.18|521735|85.78|||
28SEP2026|ATBA|0802|Atlas Battery|164.0|165|162.51|163.46|2710|163.75|||
28SEP2026|ATIL|0812|Atlas Ins. Ltd|75.55|77.25|75.55|76.03|764|76.93|||
28SEP2026|ATLH|0801|Atlas Honda Ltd|1571.65|1593|1551.14|1572.11|3073|1571.65|||
28SEP2026|ATRL|0825|Attock Refinery|1146.02|1184.75|1146.02|1177.12|633939|1145.35|||
28SEP2026|ATRL-CDEC|40|Attock Refinery|0.0|0|0|1221.82|0|1189.34|||
28SEP2026|ATRL-CNOV|40|Attock Refinery|0.0|0|0|1207.94|0|1175.78|||
28SEP2026|ATRL-COCT|40|Attock Refinery|0.0|0|0|1193.56|0|1161.81|||
28SEP2026|ATRL-DEC|40|Attock Refinery|0.0|0|0|1205.81|0|1173.76|||
28SEP2026|ATRL-NOVB|40|Attock Refinery|0.0|0|0|1192.12|0|1160.44|||
28SEP2026|ATRL-OCTB|40|Attock Refinery|1106.0|1176|1106|1167.87|198000|1146.63|||
28SEP2026|AVN|0828|Avanceon Ltd|28.35|28.82|28.02|28.47|290055|28.35|||
28SEP2026|BAFL|0807|Bank Al-Falah|57.06|57.29|56.7|56.93|626456|57.06|||
28SEP2026|BAFL-CDEC|40|Bank Al-Falah|0.0|0|0|59.09|0|59.25|||
28SEP2026|BAFL-CNOV|40|Bank Al-Falah|0.0|0|0|58.42|0|58.58|||
28SEP2026|BAFL-COCT|40|Bank Al-Falah|0.0|0|0|57.73|0|57.88|||
28SEP2026|BAFL-DEC|40|Bank Al-Falah|0.0|0|0|59.09|0|59.25|||
28SEP2026|BAFL-NOV|40|Bank Al-Falah|0.0|0|0|58.42|0|58.58|||
28SEP2026|BAFL-OCT|40|Bank Al-Falah|57.6|57.73|57.33|57.35|24000|57.67|||
28SEP2026|BAFS|0826|Baba Farid|429.68|429.68|425|429.68|67|429.68|||
28SEP2026|BAHL|0807|Bank AL-Habib|152.9|152.9|151.4|151.5|404668|152.58|||
28SEP2026|BAHL-CDEC|40|Bank AL-Habib|0.0|0|0|157.25|0|158.44|||
28SEP2026|BAHL-CNOV|40|Bank AL-Habib|0.0|0|0|155.47|0|156.63|||
28SEP2026|BAHL-COCT|40|Bank AL-Habib|0.0|0|0|153.62|0|154.77|||
28SEP2026|BAHL-DEC|40|Bank AL-Habib|0.0|0|0|157.25|0|158.44|||
28SEP2026|BAHL-NOV|40|Bank AL-Habib|0.0|0|0|155.47|0|156.63|||
28SEP2026|BAHL-OCTB|40|Bank AL-Habib|0.0|0|0|153.62|0|154.77|||
28SEP2026|BAPL|0805|Bawany Air Prod|39.01|40.5|38.01|39.84|21787|38.98|||
28SEP2026|BATA|0816|Bata (Pak) Ltd.|855.0|868.1|851|859.75|145|859|||
28SEP2026|BBFL|0810|Big Bird Foods Ltd.|39.8|40.75|38.95|39|108132|39.79|||
28SEP2026|BCL|0808|Bolan Casting|73.99|73.99|72.12|72.68|7635|72.85|||
28SEP2026|BECO|0808|Beco Steel Ltd|4.42|4.44|4.38|4.41|2379298|4.41|||
28SEP2026|BECO-OCT|40|Beco Steel Ltd|4.48|4.49|4.4|4.45|274500|4.45|||
28SEP2026|BELA|0802|Bela Automotive|66.25|72.86|66.25|72.02|54355|66.24|||
28SEP2026|BERG|0805|Berger Paints|118.3|121.4|117.01|118.4|78527|118.3|||
28SEP2026|BFAGRO|0810|Barkat Frisian Agro|31.65|31.9|31|31.72|62000|31.61|||
28SEP2026|BFBIO|0823|BF Biosciences|126.0|128.5|126|127.51|20077|126.89|||
28SEP2026|BFBIO-CDEC|40|BF Biosciences|0.0|0|0|132.35|0|131.76|||
28SEP2026|BFBIO-CNOV|40|BF Biosciences|0.0|0|0|130.85|0|130.26|||
28SEP2026|BFBIO-COCT|40|BF Biosciences|0.0|0|0|129.29|0|128.71|||
28SEP2026|BFMOD|0819|B.F.Modaraba|20.53|21.15|20.15|20.28|10262|20.53|||
28SEP2026|BGL|0811|Bal.Glass|9.5|9.68|9.31|9.37|63375|9.5|||
28SEP2026|BHAT|0829|Bhanero Tex.|780.03|816.98|780.03|819.53|6|819.53|||
28SEP2026|BIFO|0805|Biafo Industries|112.2|113.39|109.03|110.66|83122|111.75|||
28SEP2026|BIPL|0807|Bankislami PakXD|24.99|24.99|24.73|24.84|159086|24.82|||
28SEP2026|BIPL-OCTB|40|Bankislami PakXD|0.0|0|0|25.19|0|25|||
28SEP2026|BKTI-DEC|41|BKTI|0.0|0|0|48428|0|47274|||
28SEP2026|BKTI-NOV|41|BKTI|0.0|0|0|48013|0|48214|||
28SEP2026|BKTI-OCT|41|BKTI|0.0|0|0|47582|0|47783|||
28SEP2026|BLUEX|0833|Blue-Ex Limited|6.1|6.2|5.98|6|492003|6.09|||
28SEP2026|BML|0807|Bank Makramah|53.99|54.85|51.03|54.09|164375|53.33|||
28SEP2026|BML-DEC|40|Bank Makramah|0.0|0|0|56.14|0|55.38|||
28SEP2026|BML-NOV|40|Bank Makramah|0.0|0|0|55.51|0|54.75|||
28SEP2026|BML-OCT|40|Bank Makramah|52.03|55.19|52.03|54.66|108000|53.96|||
28SEP2026|BNL|0810|Bunnys Limited|5.89|5.89|5.68|5.72|315972|5.75|||
28SEP2026|BNL-CDEC|40|Bunnys Limited|0.0|0|0|5.94|0|5.97|||
28SEP2026|BNL-CNOV|40|Bunnys Limited|0.0|0|0|5.87|0|5.9|||
28SEP2026|BNL-COCT|40|Bunnys Limited|0.0|0|0|5.8|0|5.83|||
28SEP2026|BNL-DEC|40|Bunnys Limited|0.0|0|0|5.94|0|5.97|||
28SEP2026|BNL-NOV|40|Bunnys Limited|0.0|0|0|5.87|0|5.9|||
28SEP2026|BNL-OCT|40|Bunnys Limited|5.8|5.81|5.76|5.78|17500|5.82|||
28SEP2026|BNWM|0835|Bannu Woollen|64.5|64.5|64.5|62.92|1|62.92|||
28SEP2026|BOK|0807|Bank Of Khyber|28.14|29.14|28|28|6412|28.32|||
28SEP2026|BOP|0807|B.O.Punjab|30.5|30.98|30.4|30.52|6823232|30.35|||
28SEP2026|BOP-CDEC|40|B.O.Punjab|0.0|0|0|31.68|0|31.52|||
28SEP2026|BOP-CNOV|40|B.O.Punjab|0.0|0|0|31.32|0|31.16|||
28SEP2026|BOP-COCT|40|B.O.Punjab|0.0|0|0|30.95|0|30.79|||
28SEP2026|BOP-DEC|40|B.O.Punjab|0.0|0|0|31.68|0|31.52|||
28SEP2026|BOP-NOV|40|B.O.Punjab|0.0|0|0|31.32|0|31.16|||
28SEP2026|BOP-OCTB|40|B.O.Punjab|30.66|31.25|30.66|30.73|3552500|30.65|||
28SEP2026|BPL|0821|Burshane LPGXB|54.94|54.94|52.8|53.47|33281|53.1|||
28SEP2026|BRRG|0838|B.R.R Guardia Ltd|40.0|40|36.2|40|59896|40.02|||
28SEP2026|BTL|0829|Blessed Tex.|816.0|839.2|807.25|845.45|28|845.45|||
28SEP2026|BUXL|0805|Buxly Paints|468.0|504.93|440|479.71|134930|464.21|||
28SEP2026|BWCL|0804|Bestway Cement|447.0|447.93|441|446.31|11054|446.63|||
28SEP2026|BWHL|0802|Bal.WheelsXD|216.0|218|215|216.01|1235|214.75|||
28SEP2026|CCM|0830|Crescent Cotton|44.0|48.9|43.01|47.46|9053|45.25|||
28SEP2026|CENI|0812|Century Ins.|64.09|66|64|64.96|17345|64.09|||
28SEP2026|CEPB|0822|Century Paper|26.45|26.7|25.91|26.16|280408|26.27|||
28SEP2026|CEPB-CDEC|40|Century Paper|0.0|0|0|27.15|0|27.28|||
28SEP2026|CEPB-CNOV|40|Century Paper|0.0|0|0|26.85|0|26.97|||
28SEP2026|CEPB-COCT|40|Century Paper|0.0|0|0|26.53|0|26.65|||
28SEP2026|CHAS|0826|Chashma Sugar|80.88|84.5|80.88|82.41|3858|79.82|||
28SEP2026|CHBL|0829|Chenab Limited|10.29|10.7|10.06|10.31|441943|10.09|||
28SEP2026|CHCC|0804|Cherat Cement|283.78|283.78|277|278.74|39733|279.86|||
28SEP2026|CHCC-DEC|40|Cherat Cement|0.0|0|0|285.19|0|286.45|||
28SEP2026|CHCC-NOVB|40|Cherat Cement|0.0|0|0|281.95|0|283.2|||
28SEP2026|CHCC-OCTB|40|Cherat Cement|0.0|0|0|278.6|0|279.83|||
28SEP2026|CLCPS|0829|Chenab Ltd.(PR)|3.5|3.64|3.32|3.58|33502|3.27|||
28SEP2026|CLOV|0810|Clover Pakistan|6.77|6.94|6.58|6.87|1749272|6.77|||
28SEP2026|CLVL|0833|Cordoba Logist|26.1|28.66|25.5|27.51|3529823|27.7|||
28SEP2026|CNERGY|0825|Cnergyico PK|13.14|13.63|13.09|13.32|61590823|13.18|||
28SEP2026|CNERGY-CDEC|40|Cnergyico PK|0.0|0|0|13.83|0|13.69|||
28SEP2026|CNERGY-CNOV|40|Cnergyico PK|0.0|0|0|13.67|0|13.53|||
28SEP2026|CNERGY-COCT|40|Cnergyico PK|0.0|0|0|13.51|0|13.37|||
28SEP2026|CNERGY-DEC|40|Cnergyico PK|0.0|0|0|13.83|0|13.69|||
28SEP2026|CNERGY-NOV|40|Cnergyico PK|13.5|13.5|13.45|13.45|30000|13.4|||
28SEP2026|CNERGY-OCT|40|Cnergyico PK|13.3|13.73|13.2|13.43|38334500|13.31|||
28SEP2026|COLG|0810|Colgate PalmXD|1139.0|1139|1016|1118.15|10027|1128.01|||
28SEP2026|CPHL|0823|Citi Pharma Ltd|73.5|74.69|73.5|73.82|229008|73.31|||
28SEP2026|CPHL-CDEC|40|Citi Pharma Ltd|0.0|0|0|76.62|0|76.13|||
28SEP2026|CPHL-CNOV|40|Citi Pharma Ltd|0.0|0|0|75.75|0|75.26|||
28SEP2026|CPHL-COCT|40|Citi Pharma Ltd|0.0|0|0|74.85|0|74.36|||
28SEP2026|CPHL-DEC|40|Citi Pharma Ltd|0.0|0|0|76.62|0|76.13|||
28SEP2026|CPHL-NOV|40|Citi Pharma Ltd|0.0|0|0|75.75|0|75.26|||
28SEP2026|CPHL-OCT|40|Citi Pharma Ltd|74.25|75.15|74.1|74.4|55000|73.91|||
28SEP2026|CPPL|0822|Cherat Packaging|99.0|102|99|101.73|49042|99.9|||
28SEP2026|CRTM|0829|Crescent Tex.|63.99|63.99|63.25|63.63|414|63.27|||
28SEP2026|CSAP|0808|Crescent Steel|92.45|92.5|91.81|92|59796|92.5|||
28SEP2026|CSAP-CDEC|40|Crescent Steel|0.0|0|0|95.49|0|96.05|||
28SEP2026|CSAP-CNOV|40|Crescent Steel|0.0|0|0|94.41|0|94.96|||
28SEP2026|CSAP-COCT|40|Crescent Steel|0.0|0|0|93.28|0|93.83|||
28SEP2026|CSIL|0812|Cres.Star Ins.|5.58|5.58|5.35|5.39|797769|5.44|||
28SEP2026|CSIL-DEC|40|Cres.Star Ins.|0.0|0|0|5.59|0|5.65|||
28SEP2026|CSIL-NOV|40|Cres.Star Ins.|5.7|5.7|5.7|5.7|500|5.58|||
28SEP2026|CSIL-OCT|40|Cres.Star Ins.|5.46|5.5|5.42|5.46|157000|5.5|||
28SEP2026|CTM|0830|Colony Tex.Mills Ltd|6.21|6.34|6.2|6.28|18615|6.22|||
28SEP2026|DAAG|0805|Data Agro|89.94|89.94|77|83.31|1250|84.64|||
28SEP2026|DADX|0808|Dadex Eternit|124.23|124.23|124.23|124.23|26677|112.94|||
28SEP2026|DBCI|0804|Dadabhoy Cement|10.12|10.37|10.1|10.12|50292|10.12|||
28SEP2026|DCL|0804|Dewan Cement|9.84|9.94|9.67|9.86|1085662|9.8|||
28SEP2026|DCL-DEC|40|Dewan Cement|0.0|0|0|10.23|0|10.18|||
28SEP2026|DCL-NOV|40|Dewan Cement|0.0|0|0|10.12|0|10.06|||
28SEP2026|DCL-OCT|40|Dewan Cement|9.82|10|9.75|9.94|929000|9.94|||
28SEP2026|DCR|0836|Dolmen City|39.3|39.5|39.06|39.19|257017|39.23|||
28SEP2026|DEL|0813|Dawood Equities|17.5|18.1|17.02|17.15|13607|17.16|||
28SEP2026|DFML|0801|Dewan Motors|15.85|16.39|15.85|16.24|275435|16|||
28SEP2026|DFSM|0830|Dewan Farooque Sp.|12.9|13.25|12.9|13.01|233083|13.07|||
28SEP2026|DGKC|0804|D.G.K.Cement|195.49|195.9|191.68|192.09|858234|195.54|||
28SEP2026|DGKC-CDEC|40|D.G.K.Cement|0.0|0|0|199.38|0|203.05|||
28SEP2026|DGKC-CNOV|40|D.G.K.Cement|0.0|0|0|197.12|0|200.74|||
28SEP2026|DGKC-COCT|40|D.G.K.Cement|0.0|0|0|194.77|0|198.35|||
28SEP2026|DGKC-DEC|40|D.G.K.Cement|0.0|0|0|199.38|0|203.05|||
28SEP2026|DGKC-NOV|40|D.G.K.Cement|0.0|0|0|197.12|0|200.74|||
28SEP2026|DGKC-OCT|40|D.G.K.Cement|195.02|196.45|192.2|193.26|506500|196.58|||
28SEP2026|DIIL|0818|Diamond Ind.|73.0|73|68.11|70.19|16004|72.42|||
28SEP2026|DINT|0830|Din Textile|60.0|63.44|58.16|60.37|7835|62|||
28SEP2026|DLL|0813|Dawood Law|46.01|46.89|45.91|46.43|19946|45.96|||
28SEP2026|DMC|0830|D.M. Corporation Ltd|181.97|181.97|181.49|177.11|6|177.11|||
28SEP2026|DNCC|0804|Dandot Cement|19.5|20.35|19.5|20.35|639840|18.5|||
28SEP2026|DOL|0805|Descon Oxychem|30.3|31|30.3|30.53|21575|30.31|||
28SEP2026|DSIL|0830|D.S. Ind. Ltd.|10.75|11.83|10.6|11.83|11947182|10.75|||
28SEP2026|DSL|0808|Dost Steels Ltd.|4.6|4.71|4.33|4.54|273818|4.6|||
28SEP2026|DWAE|0802|Dewan Auto Engg|21.0|21.48|20.75|21.28|1807|20.75|||
28SEP2026|DWSM|0826|Dewan Sugar|6.68|6.8|6.2|6.26|77426|6.66|||
28SEP2026|DWTM|0830|Dewan Textile|8.98|10.25|8.98|9.81|2315|9.56|||
28SEP2026|DYNO|0805|Dynea Pakistan|328.0|329|328|328.99|331|324.91|||
28SEP2026|ECOP|0818|ECOPACK Ltd|50.06|50.69|49|49.79|69802|49.99|||
28SEP2026|EFERT|0809|Engro Fertert|195.35|195.5|193.01|193.96|231682|195.27|||
28SEP2026|EFERT-CDEC|40|Engro Fertert|0.0|0|0|201.32|0|202.77|||
28SEP2026|EFERT-CNOV|40|Engro Fertert|0.0|0|0|199.04|0|200.46|||
28SEP2026|EFERT-COCT|40|Engro Fertert|0.0|0|0|196.67|0|198.08|||
28SEP2026|EFERT-DEC|40|Engro Fertert|0.0|0|0|201.32|0|202.77|||
28SEP2026|EFERT-NOV|40|Engro Fertert|0.0|0|0|199.04|0|200.46|||
28SEP2026|EFERT-OCT|40|Engro Fertert|193.5|196.94|193.5|195.63|13500|197.39|||
28SEP2026|EFUG|0812|EFU General|129.88|129.88|124.52|128.09|450|125.23|||
28SEP2026|EFUL|0812|EFU Life Assurance|162.99|171|162.99|165.3|12685|162.99|||
28SEP2026|ELCM|0830|Elahi Cotton|252.22|280|252.22|261.09|1188|273.2|||
28SEP2026|ELSM|0830|Ellcot Spinning|158.56|158.56|158.56|148|1|148|||
28SEP2026|EMCO|0803|EMCO Industries|36.2|36.49|35.5|35.74|76114|35.17|||
28SEP2026|ENGROH|0813|Engro Holdings|264.9|264.9|263.02|263.49|1130266|264.93|||
28SEP2026|ENGROH-DEC|40|Engro Holdings|0.0|0|0|273.49|0|275.11|||
28SEP2026|ENGROH-NOV|40|Engro Holdings|0.0|0|0|270.39|0|271.97|||
28SEP2026|ENGROH-OCT|40|Engro Holdings|265.0|267.21|265|265.84|23000|266.93|||
28SEP2026|EPCL|0805|Engro Polymer|33.0|33.2|32.51|32.63|116750|32.99|||
28SEP2026|EPCL-CDEC|40|Engro Polymer|0.0|0|0|33.87|0|34.26|||
28SEP2026|EPCL-CNOV|40|Engro Polymer|0.0|0|0|33.48|0|33.87|||
28SEP2026|EPCL-COCT|40|Engro Polymer|0.0|0|0|33.09|0|33.46|||
28SEP2026|EPCL-DEC|40|Engro Polymer|0.0|0|0|33.87|0|34.26|||
28SEP2026|EPCL-NOV|40|Engro Polymer|0.0|0|0|33.48|0|33.87|||
28SEP2026|EPCL-OCT|40|Engro Polymer|33.14|33.14|32.88|33.01|4500|33.32|||
28SEP2026|EPCLPS|0805|Engro Poly (PR)|14.2|14.39|13.25|14.22|22961|14.02|||
28SEP2026|EPQL|0824|Engro Powergen|23.81|23.99|23.63|23.88|122494|23.92|||
28SEP2026|ESBL|0813|Escorts Bank|11.38|11.38|10.91|10.97|101150|11.34|||
28SEP2026|EXIDE|0802|Exide (PAK)|425.55|429.96|425.01|425.08|208|429.09|||
28SEP2026|FABL|0807|Faysal Bank|94.85|94.85|93.81|93.94|554874|94.16|||
28SEP2026|FABL-CDEC|40|Faysal Bank|0.0|0|0|97.51|0|97.78|||
28SEP2026|FABL-CNOV|40|Faysal Bank|0.0|0|0|96.4|0|96.66|||
28SEP2026|FABL-COCT|40|Faysal Bank|0.0|0|0|95.25|0|95.51|||
28SEP2026|FABL-DEC|40|Faysal Bank|0.0|0|0|97.51|0|97.78|||
28SEP2026|FABL-NOV|40|Faysal Bank|0.0|0|0|96.4|0|96.66|||
28SEP2026|FABL-OCTB|40|Faysal Bank|0.0|0|0|95.25|0|95.1|||
28SEP2026|FANM|0819|AL-Noor Mod|10.24|10.24|9.79|9.83|46303|10.09|||
28SEP2026|FASM|0829|Faisal Spinning|345.96|345.96|305.1|335.11|532|332.85|||
28SEP2026|FATIMA|0809|Fatima Fert|144.5|146.45|142.99|143.35|627485|145.04|||
28SEP2026|FATIMA-DEC|40|Fatima Fert|0.0|0|0|148.79|0|150.61|||
28SEP2026|FATIMA-NOV|40|Fatima Fert|0.0|0|0|147.1|0|148.89|||
28SEP2026|FATIMA-OCT|40|Fatima Fert|146.5|146.5|143.5|143.55|2000|146.5|||
28SEP2026|FCCL|0804|Fauji CementXD|54.2|54.2|52.92|53.01|1254540|54|||
28SEP2026|FCCL-CDEC|40|Fauji CementXD|0.0|0|0|55.02|0|56.07|||
28SEP2026|FCCL-CNOV|40|Fauji CementXD|0.0|0|0|54.4|0|55.43|||
28SEP2026|FCCL-COCT|40|Fauji CementXD|0.0|0|0|53.75|0|54.78|||
28SEP2026|FCCL-DEC|40|Fauji CementXD|0.0|0|0|55.02|0|56.07|||
28SEP2026|FCCL-NOVB|40|Fauji CementXD|0.0|0|0|54.4|0|55.43|||
28SEP2026|FCCL-OCTB|40|Fauji CementXD|54.32|54.32|53.35|53.48|214500|54.59|||
28SEP2026|FCEL|0813|First Cap.Equit|5.15|5.2|4.93|5|81181|5.1|||
28SEP2026|FCEPL|0810|Frieslandcampina|137.94|137.94|134.11|135.42|498251|137.94|||
28SEP2026|FCEPL-CDEC|40|Frieslandcampina|0.0|0|0|140.56|0|143.24|||
28SEP2026|FCEPL-CNOV|40|Frieslandcampina|0.0|0|0|138.97|0|141.61|||
28SEP2026|FCEPL-COCT|40|Frieslandcampina|0.0|0|0|137.31|0|139.92|||
28SEP2026|FCIBL|0813|F.Credit & Inv|37.17|38.7|35.69|36.24|19255|36.07|||
28SEP2026|FCL|0803|Fast Cables Ltd.|26.81|27.69|26.81|27.54|3257482|26.84|||
28SEP2026|FCL-CDEC|40|Fast Cables Ltd.|0.0|0|0|28.59|0|27.87|||
28SEP2026|FCL-CNOV|40|Fast Cables Ltd.|0.0|0|0|28.26|0|27.55|||
28SEP2026|FCL-COCT|40|Fast Cables Ltd.|0.0|0|0|27.92|0|27.23|||
28SEP2026|FCL-DEC|40|Fast Cables Ltd.|0.0|0|0|26.99|0|26.31|||
28SEP2026|FCL-NOVB|40|Fast Cables Ltd.|0.0|0|0|26.68|0|26.01|||
28SEP2026|FCL-OCTB|40|Fast Cables Ltd.|26.0|26.7|25.8|26.48|702500|25.7|||
28SEP2026|FCSC|0813|Ist.Capital Sec|5.79|5.9|5.2|5.45|2319040|5.78|||
28SEP2026|FDPL|0813|First Dawood Prop|4.53|4.75|4.47|4.56|148752|4.61|||
28SEP2026|FDPL-OCT|40|First Dawood Prop|0.0|0|0|4.62|0|4.65|||
28SEP2026|FECM|0819|Elite Cap.Mod|19.89|19.89|18.2|19.25|9493|18.62|||
28SEP2026|FECTC|0804|Fecto Cement|93.5|94.89|93.5|94.12|25445|94.5|||
28SEP2026|FEM|0819|Equity Modaraba|11.0|11|10.02|10.44|46686|10.6|||
28SEP2026|FEROZ|0823|Ferozsons (Lab)|327.39|327.5|322.84|325.07|6235|322.84|||
28SEP2026|FFC|0809|Fauji Fert|541.0|544|537|542.51|287606|540.26|||
28SEP2026|FFC-CDEC|40|Fauji Fert|0.0|0|0|563.11|0|561.01|||
28SEP2026|FFC-CNOV|40|Fauji Fert|0.0|0|0|556.72|0|554.62|||
28SEP2026|FFC-COCT|40|Fauji Fert|0.0|0|0|550.09|0|548.03|||
28SEP2026|FFC-DEC|40|Fauji Fert|0.0|0|0|563.11|0|561.01|||
28SEP2026|FFC-NOV|40|Fauji Fert|0.0|0|0|556.72|0|554.62|||
28SEP2026|FFC-OCT|40|Fauji Fert|545.4|548|542.5|545.14|6000|545.37|||
28SEP2026|FFL|0810|Fauji Foods Ltd|15.09|15.09|14.8|14.86|1409779|15.09|||
28SEP2026|FFL-CDEC|40|Fauji Foods Ltd|0.0|0|0|15.42|0|15.67|||
28SEP2026|FFL-CNOV|40|Fauji Foods Ltd|0.0|0|0|15.25|0|15.49|||
28SEP2026|FFL-COCT|40|Fauji Foods Ltd|0.0|0|0|15.07|0|15.31|||
28SEP2026|FFL-DEC|40|Fauji Foods Ltd|0.0|0|0|15.42|0|15.67|||
28SEP2026|FFLM|0819|1st.Fid.Leasing|11.8|11.8|11.32|11.41|79229|11.49|||
28SEP2026|FFL-NOV|40|Fauji Foods Ltd|15.2|15.2|15.2|15.2|27000|15.49|||
28SEP2026|FFL-OCT|40|Fauji Foods Ltd|15.28|15.28|14.9|14.99|778000|15.28|||
28SEP2026|FHAM|0819|Habib Modaraba|31.12|31.48|30.5|31|80249|30.83|||
28SEP2026|FIBLM|0819|I.B.L.Modarab|14.49|14.64|13.62|13.98|54132|14.02|||
28SEP2026|FIL|0816|Fateh Industries|278.0|278|265|266.74|116|279.99|||
28SEP2026|FIMM|0819|Imrooz Modaraba|205.96|205.96|205.96|215.99|10|215.99|||
28SEP2026|FLYNG|0804|Flying Cement|35.9|36|35.06|35.68|2660|35.94|||
28SEP2026|FML|0829|Feroze 1888|46.5|46.75|46|46.01|19150|46.15|||
28SEP2026|FNEL|0813|F. Nat.Equities|1.14|1.16|1.11|1.12|7898647|1.13|||
28SEP2026|FPJM|0819|Punjab Mod|24.01|25.5|24|24|2049220|26.67|||
28SEP2026|FPRM|0819|Paramount Mod|11.35|12|10.51|11.71|470719|11.67|||
28SEP2026|FRCL|0811|Frontier Ceram|87.0|87|80.1|86.95|270|86.95|||
28SEP2026|FSWL|0829|Fateh Sports|155.05|156|155.05|155|2|155|||
28SEP2026|FTMM|0819|F.Treet Manuf|18.21|18.7|18.01|18.06|8196|18.21|||
28SEP2026|FTSM|0819|Tri-Star 1st Mod.|43.37|44.37|41.69|42.94|13232|43.97|||
28SEP2026|FZCM|0829|Fazal Cloth|250.0|253.95|235|245.05|250|256.31|||
28SEP2026|GADT|0830|Gadoon TextileXD|295.01|299.8|295.01|296.5|2484|295.17|||
28SEP2026|GAL|0801|Ghandhara Automobile|540.6|543.49|535.55|537.23|200239|540.6|||
28SEP2026|GAL-CDEC|40|Ghandhara Automobile|0.0|0|0|557.63|0|561.36|||
28SEP2026|GAL-CNOV|40|Ghandhara Automobile|0.0|0|0|551.3|0|554.97|||
28SEP2026|GAL-COCT|40|Ghandhara Automobile|0.0|0|0|544.73|0|548.37|||
28SEP2026|GAL-DEC|40|Ghandhara Automobile|0.0|0|0|545.26|0|548.9|||
28SEP2026|GAL-NOVB|40|Ghandhara Automobile|0.0|0|0|539.07|0|542.67|||
28SEP2026|GAL-OCTB|40|Ghandhara Automobile|543.92|543.92|530|530.94|77000|536.21|||
28SEP2026|GAMON|0818|Gammon Pak|19.5|19.5|18.95|19.01|336|19.01|||
28SEP2026|GATI|0827|Gatron Ind.|83.13|85.9|83.13|84.86|14380|83.13|||
28SEP2026|GATM|0829|Gul Ahmed|22.02|22.05|20.4|20.59|1949352|22.35|||
28SEP2026|GATM-DEC|40|Gul Ahmed|0.0|0|0|21.37|0|23.21|||
28SEP2026|GATM-NOV|40|Gul Ahmed|0.0|0|0|21.13|0|22.94|||
28SEP2026|GATM-OCT|40|Gul Ahmed|22.0|22|20.65|20.79|178000|22.45|||
28SEP2026|GCIL|0805|Ghani Chemical|30.58|33.44|30.55|32.22|17668027|30.5|||
28SEP2026|GCIL-CDEC|40|Ghani Chemical|0.0|0|0|33.44|0|31.67|||
28SEP2026|GCIL-CNOV|40|Ghani Chemical|0.0|0|0|33.06|0|31.31|||
28SEP2026|GCIL-COCT|40|Ghani Chemical|0.0|0|0|32.67|0|30.94|||
28SEP2026|GCIL-DEC|40|Ghani Chemical|0.0|0|0|33.44|0|31.67|||
28SEP2026|GCIL-NOV|40|Ghani Chemical|0.0|0|0|33.06|0|31.31|||
28SEP2026|GCIL-OCT|40|Ghani Chemical|30.67|33.54|30.67|32.51|3436500|30.84|||
28SEP2026|GCWL|0805|Ghani Chemworld|14.25|14.25|13.25|13.6|1145895|14.42|||
28SEP2026|GCWLPRS|0805|Ghani Chem(PRS)|0.0|0|0|131.99|10|131.99|||
28SEP2026|GDL|0810|Ghani Dairies Ltd.|17.8|18.19|17.7|17.97|187927|17.78|||
28SEP2026|GEMMEL|0824|Mughal Energy Ltd|39.0|47.53|39|43.21|399|43.21|||
28SEP2026|GEMPACRA|0818|The Pakistan Credit|48.99|50.75|42|47.24|18401|46.19|||
28SEP2026|GEMPAPL|0822|Pak Agro Pack|11.01|11.01|11.01|11.01|10000|11|||
28SEP2026|GFIL|0829|Ghazi Fabrics|24.77|27.68|24.77|25.09|5703|26.03|||
28SEP2026|GGGL|0811|GhaniGlobalGlass|7.89|8|7.7|7.78|179846|7.75|||
28SEP2026|GGL|0805|Ghani Glo Hol|21.0|21|19.91|20.47|2591369|20.27|||
28SEP2026|GGL-CDEC|40|Ghani Glo Hol|0.0|0|0|21.25|0|21.05|||
28SEP2026|GGL-CNOV|40|Ghani Glo Hol|0.0|0|0|21.01|0|20.81|||
28SEP2026|GGL-COCT|40|Ghani Glo Hol|0.0|0|0|20.76|0|20.56|||
28SEP2026|GGL-DEC|40|Ghani Glo Hol|0.0|0|0|21.25|0|21.05|||
28SEP2026|GGL-NOV|40|Ghani Glo Hol|0.0|0|0|21.01|0|20.81|||
28SEP2026|GGL-OCT|40|Ghani Glo Hol|20.36|21.15|20.14|20.65|928500|20.46|||
28SEP2026|GHGL|0811|Ghani Glass Ltd|39.92|40.09|39.8|39.8|36397|39.94|||
28SEP2026|GHNI|0801|Ghandhara Ind.|1085.0|1090|1072|1074.75|39074|1081.58|||
28SEP2026|GHNI-CDEC|40|Ghandhara Ind.|0.0|0|0|1115.56|0|1123.12|||
28SEP2026|GHNI-CNOV|40|Ghandhara Ind.|0.0|0|0|1102.89|0|1110.32|||
28SEP2026|GHNI-COCT|40|Ghandhara Ind.|0.0|0|0|1089.76|0|1097.13|||
28SEP2026|GHNI-DEC|40|Ghandhara Ind.|0.0|0|0|1103.19|0|1110.66|||
28SEP2026|GHNI-NOVB|40|Ghandhara Ind.|0.0|0|0|1090.66|0|1098.06|||
28SEP2026|GHNI-OCTB|40|Ghandhara Ind.|1060.0|1085|1060|1074.13|24000|1084.98|||
28SEP2026|GLAXO|0823|GlaxoSmithKline|315.0|317.49|314|316.42|65260|314.37|||
28SEP2026|GLAXO-DEC|40|GlaxoSmithKline|0.0|0|0|328.43|0|326.44|||
28SEP2026|GLAXO-NOV|40|GlaxoSmithKline|0.0|0|0|324.71|0|322.72|||
28SEP2026|GLAXO-OCTB|40|GlaxoSmithKline|0.0|0|0|320.84|0|318.5|||
28SEP2026|GOC|0818|GOC (Pak) Ltd.|155.65|165.9|152.2|159.2|233|165.99|||
28SEP2026|GRR|0836|Globe Residency|22.9|22.95|22.75|22.8|987233|22.89|||
28SEP2026|GRYL|0815|Grays Leasing|21.5|21.9|20.32|21.53|15611|21.1|||
28SEP2026|GSPM|0830|Gulshan Sp.|7.2|7.85|7.01|7.74|42368|7.53|||
28SEP2026|GTYR|0802|Ghandhara Tyre|26.13|26.42|25.5|26.08|82615|25.94|||
28SEP2026|GUSM|0830|Gulistan Sp.|8.72|8.99|8.3|8.46|10597|8.99|||
28SEP2026|GVGL|0811|Ghani Value Glass|54.0|54|53.05|53|187|53|||
28SEP2026|GWLC|0804|Gharibwal Cement|49.99|50|48.5|48.66|49900|49.68|||
28SEP2026|HABSM|0826|Habib Sugar|79.5|80|79.05|79.05|2505|79|||
28SEP2026|HAEL|0829|Hala Enterprise|25.0|26.23|25|25.12|3290|25.3|||
28SEP2026|HALEON|0823|Haleon Pakistan|689.74|689.74|679.91|680.74|14366|683.99|||
28SEP2026|HASCOL|0821|Hascol Petrol|19.38|19.7|19.15|19.22|1688601|19.38|||
28SEP2026|HBL|0807|Habib Bank|307.8|309|303.62|304.21|365568|307.54|||
28SEP2026|HBL-CDEC|40|Habib Bank|0.0|0|0|315.76|0|319.35|||
28SEP2026|HBL-CNOV|40|Habib Bank|0.0|0|0|312.18|0|315.71|||
28SEP2026|HBL-COCT|40|Habib Bank|0.0|0|0|308.46|0|311.96|||
28SEP2026|HBL-DEC|40|Habib Bank|0.0|0|0|315.76|0|319.35|||
28SEP2026|HBL-NOV|40|Habib Bank|0.0|0|0|312.18|0|315.71|||
28SEP2026|HBL-OCTB|40|Habib Bank|306.76|308.78|306|306.03|54500|309.12|||
28SEP2026|HBLTETF|0837|HBL Total Treasury|106.15|106.44|106.15|106.37|10300|106.15|||
28SEP2026|HCAR|0801|Honda Atlas Cars|222.25|222.25|217.9|218.18|182321|221.58|||
28SEP2026|HCAR-CDEC|40|Honda Atlas Cars|0.0|0|0|226.46|0|230.09|||
28SEP2026|HCAR-CNOV|40|Honda Atlas Cars|0.0|0|0|223.89|0|227.47|||
28SEP2026|HCAR-COCT|40|Honda Atlas Cars|0.0|0|0|221.23|0|224.77|||
28SEP2026|HGFA|0806|HBL Growth Fund|13.74|13.9|13.73|13.85|58848|13.8|||
28SEP2026|HICL|0812|Habib Ins.|8.0|8.14|8|8.03|32213|8.01|||
28SEP2026|HIFA|0806|HBL Invest Fund|4.71|4.85|4.71|4.78|15089|4.7|||
28SEP2026|HINO|0801|Hinopak Motor|319.73|321.49|319|319.51|4304|319.73|||
28SEP2026|HINOON|0823|Highnoon (Lab)|951.6|957.01|942.01|948.13|1800|951.59|||
28SEP2026|HIRAT|0830|Hira Textile|5.44|5.65|5.4|5.52|84862|5.48|||
28SEP2026|HMB|0807|Habib Metropolitan|98.01|98.98|97.5|97.59|92891|98.46|||
28SEP2026|HMB-CDEC|40|Habib Metropolitan|0.0|0|0|101.3|0|102.24|||
28SEP2026|HMB-CNOV|40|Habib Metropolitan|0.0|0|0|100.15|0|101.08|||
28SEP2026|HMB-COCT|40|Habib Metropolitan|0.0|0|0|98.95|0|99.88|||
28SEP2026|HMB-DEC|40|Habib Metropolitan|0.0|0|0|101.3|0|102.24|||
28SEP2026|HMB-NOV|40|Habib Metropolitan|0.0|0|0|100.15|0|101.08|||
28SEP2026|HMB-OCTB|40|Habib Metropolitan|0.0|0|0|98.95|0|99.88|||
28SEP2026|HPL|0823|Hoechst Pak Ltd|3907.0|3996|3900|3905.85|1137|3907.67|||
28SEP2026|HRPL|0826|Habib Rice Prod|19.4|19.4|19.1|19.14|32731|19.26|||
28SEP2026|HTL|0821|HI-Tech Lub.|38.02|38.78|37.65|37.89|130582|38.26|||
28SEP2026|HUBC|0824|Hub Power Co.|201.8|203.49|201|202.86|1581554|201.97|||
28SEP2026|HUBC-CDEC|40|Hub Power Co.|0.0|0|0|210.56|0|209.73|||
28SEP2026|HUBC-CNOV|40|Hub Power Co.|0.0|0|0|208.17|0|207.34|||
28SEP2026|HUBC-COCT|40|Hub Power Co.|0.0|0|0|205.69|0|204.87|||
28SEP2026|HUBC-DEC|40|Hub Power Co.|0.0|0|0|205.35|0|204.53|||
28SEP2026|HUBC-NOVB|40|Hub Power Co.|0.0|0|0|203.02|0|202.21|||
28SEP2026|HUBC-OCTB|40|Hub Power Co.|201.0|201.7|199|200.58|56500|199.81|||
28SEP2026|HUMNL|0828|Hum Network|10.3|10.3|9.99|10.15|1212024|10.3|||
28SEP2026|HUMNL-CDEC|40|Hum Network|0.0|0|0|10.54|0|10.7|||
28SEP2026|HUMNL-CNOV|40|Hum Network|0.0|0|0|10.42|0|10.57|||
28SEP2026|HUMNL-COCT|40|Hum Network|0.0|0|0|10.29|0|10.45|||
28SEP2026|HUMNL-DEC|40|Hum Network|0.0|0|0|10.54|0|10.7|||
28SEP2026|HUMNL-NOV|40|Hum Network|0.0|0|0|10.42|0|10.57|||
28SEP2026|HUMNL-OCT|40|Hum Network|10.33|10.33|10.07|10.23|38000|10.4|||
28SEP2026|HUSI|0838|Hussain Industries|50.0|50|49.01|49.76|695|50|||
28SEP2026|HWQS|0826|Haseeb Waqas Sugar|18.03|18.66|18.03|18.9|21|18.9|||
28SEP2026|IBFL|0827|Ibrahim Fibres|260.5|260.99|250|251.57|13|251.57|||
28SEP2026|IBLHL|0823|IBL HealthCare|43.39|43.39|42.5|42.52|79766|42.93|||
28SEP2026|ICCI|0831|ICC Industries|13.9|13.94|12.9|13.44|40507|13.21|||
28SEP2026|ICIBL|0813|Invest Bank|16.86|16.99|16.5|16.72|23821|16.54|||
28SEP2026|ICL|0805|Ittehad Chemicals|130.0|130.89|128|128.84|16021|130|||
28SEP2026|IDEAL|0830|Ideal Dynamics Ltd.|46.79|46.8|40.2|41.01|4741|43.84|||
28SEP2026|IDRT|0830|Idrees Textile|33.61|34.39|33.02|33.78|2652|33.97|||
28SEP2026|IDYM|0830|Indus Dyeing|131.01|131.5|131.01|131.14|273|131.29|||
28SEP2026|IGIHL|0812|IGI Holdings|254.0|258.99|250|252.39|91578|251.36|||
28SEP2026|IGIL|0812|IGI Life Ins|18.86|19.02|18.86|19.01|2301|19.25|||
28SEP2026|ILP|0829|Interloop Ltd.|99.46|99.46|97.48|97.63|321430|98.48|||
28SEP2026|ILP-DEC|40|Interloop Ltd.|0.0|0|0|99.28|0|100.19|||
28SEP2026|ILP-NOVB|40|Interloop Ltd.|0.0|0|0|98.15|0|99.05|||
28SEP2026|ILP-OCTB|40|Interloop Ltd.|97.25|97.25|97.01|97.01|5500|97.87|||
28SEP2026|IMAGE|0839|Image Pakistan|25.55|25.83|25.5|25.69|299633|25.7|||
28SEP2026|IMAGE-DEC|40|Image Pakistan|0.0|0|0|26.67|0|26.69|||
28SEP2026|IMAGE-NOV|40|Image Pakistan|0.0|0|0|26.36|0|26.38|||
28SEP2026|IMAGE-OCT|40|Image Pakistan|25.89|25.94|25.84|25.85|13000|25.76|||
28SEP2026|IMS|0813|Intermarket Sec.|18.5|18.5|17.8|18|42897|18.02|||
28SEP2026|INDU|0801|Indus Motor Co.XD|1796.0|1810|1755|1802.93|44861|1795.54|||
28SEP2026|INIL|0808|Int. Ind.Ltd.XD|166.49|166.49|163.26|164.03|42403|164.42|||
28SEP2026|INKL|0839|Int.Knitwear|96.05|100|94.11|98.92|718|97.57|||
28SEP2026|IPAK|0822|Int. Packaging|36.06|36.7|35.9|36.16|288328|36.09|||
28SEP2026|IREIT|0836|Image REITXD|7.98|7.98|7.9|7.92|120180|7.93|||
28SEP2026|ISIL|0810|Ismail Ind.|1777.0|1823|1777|1799.67|19|1824.11|||
28SEP2026|ISL|0808|Inter.Steel LtdXD|81.02|81.5|80.21|80.49|224078|80.99|||
28SEP2026|ISL-CDEC|40|Inter.Steel LtdXD|0.0|0|0|83.55|0|84.1|||
28SEP2026|ISL-CNOV|40|Inter.Steel LtdXD|0.0|0|0|82.6|0|86.22|||
28SEP2026|ISL-COCT|40|Inter.Steel LtdXD|0.0|0|0|81.61|0|85.2|||
28SEP2026|ITANZ|0828|Itanz Technologies|34.9|34.9|33.65|33.91|634328|34.83|||
28SEP2026|ITTEFAQ|0808|Ittefaq Iron Ind|8.26|8.35|8|8.25|101997|8.3|||
28SEP2026|JATM|0830|J.A.Textile|37.0|38|36.41|37|12523|37.46|||
28SEP2026|JDMT|0830|Janana D Mal|132.0|139|128|135.04|47691|133.77|||
28SEP2026|JDWS|0826|J.D.W.Sugar|895.0|898.87|868.22|877.57|99|878.36|||
28SEP2026|JGICL|0812|Jubilee Gen.Ins|77.06|78|76.25|77.89|2383|78.2|||
28SEP2026|JKSM|0830|J.K.Spinning|295.0|325.4|295|311.26|4|311.26|||
28SEP2026|JLICL|0812|Jubile Life Ins|107.2|107.4|106.5|107.3|5268|106.28|||
28SEP2026|JSBL|0807|JS Bank Ltd|13.0|13|12.6|12.84|222227|12.8|||
28SEP2026|JSCL|0813|Jah.Sidd. Co.|20.9|20.95|20|20.65|35429|20.39|||
28SEP2026|JSGBETF|0837|JS Global Banking|38.92|38.95|38.92|38.95|4000|38.94|||
28SEP2026|JSGBETF-DEC|40|JS Global Banking|0.0|0|0|40.43|0|40.44|||
28SEP2026|JSGBETF-OCT|40|JS Global Banking|0.0|0|0|39.49|0|39.5|||
28SEP2026|JSGCL|0813|JS Global Cap.|140.2|140.2|136|136|590|143.36|||
28SEP2026|JSIL|0813|JS Investments|37.5|37.5|35.8|37.01|2515|35.09|||
28SEP2026|JSMFETF|0837|JS Momentum|10.77|10.9|10.73|10.8|206000|10.73|||
28SEP2026|JSML|0826|Jauharabad Sug|53.0|53|49|50.84|14095|52.3|||
28SEP2026|JSRR|0836|JS Rental REIT|10.85|10.86|10.45|10.46|3016|10.6|||
28SEP2026|JUBS|0829|Jubilee Spinning|51.32|53.28|51.32|52.24|668|54.6|||
28SEP2026|JVDC|0838|Javedan Corp.|145.9|147|143.65|144.34|359100|145.9|||
28SEP2026|JVDC-DEC|40|Javedan Corp.|0.0|0|0|143.66|0|145.27|||
28SEP2026|JVDC-NOVB|40|Javedan Corp.|0.0|0|0|142.02|0|143.62|||
28SEP2026|JVDC-OCTB|40|Javedan Corp.|140.0|145|140|140.02|61500|141.91|||
28SEP2026|JVDCPS|0838|Javedan Corp(PR)|53.8|53.8|53.8|53.8|1|53.8|||
28SEP2026|KAPCO|0824|Kot Addu Power|26.53|26.72|26.44|26.62|449185|26.53|||
28SEP2026|KAPCO-CDEC|40|Kot Addu Power|0.0|0|0|27.63|0|27.55|||
28SEP2026|KAPCO-CNOV|40|Kot Addu Power|0.0|0|0|27.32|0|27.23|||
28SEP2026|KAPCO-COCT|40|Kot Addu Power|0.0|0|0|26.99|0|26.91|||
28SEP2026|KAPCO-DEC|40|Kot Addu Power|0.0|0|0|27.63|0|27.55|||
28SEP2026|KAPCO-NOV|40|Kot Addu Power|0.0|0|0|27.32|0|27.23|||
28SEP2026|KAPCO-OCT|40|Kot Addu Power|26.8|26.91|26.8|26.9|10000|26.85|||
28SEP2026|KCL|0811|Karam Ceramics|170.0|184.99|170|171.91|344|183.33|||
28SEP2026|KEL|0824|K-Electric Ltd.|6.06|6.1|5.93|6.06|7468743|6.06|||
28SEP2026|KEL-COCT|40|K-Electric Ltd.|0.0|0|0|6.14|0|6.15|||
28SEP2026|KEL-OCT|40|K-Electric Ltd.|6.1|6.14|6|6.11|1808000|6.09|||
28SEP2026|KHTC|0832|Khyber Tobacco|296.0|296|296|294.4|81|294.4|||
28SEP2026|KHYT|0829|Khyber Textile|1825.5|1890|1825.5|1899.44|2|1899.44|||
28SEP2026|KML|0829|Kohinoor Mills|8.52|8.62|8.32|8.34|84054|8.52|||
28SEP2026|KOHC|0804|Kohat Cement|90.81|90.81|88.7|89.93|87076|90.27|||
28SEP2026|KOHC-DEC|40|Kohat Cement|0.0|0|0|93.34|0|93.74|||
28SEP2026|KOHC-NOV|40|Kohat Cement|0.0|0|0|92.28|0|92.67|||
28SEP2026|KOHC-OCT|40|Kohat Cement|91.16|93.4|90.45|91.77|2500|91|||
28SEP2026|KOHE|0824|Kohinoor Energy|15.25|15.29|15.02|15.16|7521|15.25|||
28SEP2026|KOHP|0824|Kohinoor Power|20.06|20.74|20.06|20.25|1391|20.75|||
28SEP2026|KOHTM|0830|Kohat Textile|93.68|97.5|91.9|94.27|34604|93.68|||
28SEP2026|KOIL|0829|Kohinoor Ind.|34.05|35.1|32|32.88|175893|34.45|||
28SEP2026|KOSM|0830|Kohinoor Spining|5.09|5.09|4.98|5|1553832|5.03|||
28SEP2026|KOSM-DEC|40|Kohinoor Spining|0.0|0|0|5.19|0|5.22|||
28SEP2026|KOSM-NOV|40|Kohinoor Spining|0.0|0|0|5.13|0|5.16|||
28SEP2026|KOSM-OCT|40|Kohinoor Spining|5.06|5.13|4.95|5.05|908500|5.08|||
28SEP2026|KPUS|0826|Khairpur Sugar|846.0|846|810|826.57|596|838.48|||
28SEP2026|KSBP|0808|K.S.B.Pumps|214.75|214.99|209.07|210.19|10494|213.04|||
28SEP2026|KSE30-DEC|41|KSE30|0.0|0|0|52160|0|50814|||
28SEP2026|KSE30-NOV|41|KSE30|0.0|0|0|51712|0|51824|||
28SEP2026|KSE30-OCT|41|KSE30|0.0|0|0|51248|0|51361|||
28SEP2026|KSTM|0830|Khalid Siraj|12.02|12.8|11.9|12.07|1058|12.3|||
28SEP2026|KTML|0829|Kohinoor Textile|42.35|42.35|41|41.31|154676|41.93|||
28SEP2026|LCI|0805|Lucky Core Ind.XD|209.0|210|206|208.69|18729|208.92|||
28SEP2026|LEUL|0816|Leather Up Ltd.|77.12|78.99|75|75.61|205818|77.12|||
28SEP2026|LIVEN|0823|Liven Pharma|32.0|32|31|31.78|18711|31.5|||
28SEP2026|LOADS|0802|Loads Limited|12.4|12.66|12.3|12.56|726651|12.43|||
28SEP2026|LOADS-CDEC|40|Loads Limited|0.0|0|0|13.04|0|12.91|||
28SEP2026|LOADS-CNOV|40|Loads Limited|0.0|0|0|12.89|0|12.76|||
28SEP2026|LOADS-COCT|40|Loads Limited|0.0|0|0|12.74|0|12.61|||
28SEP2026|LOADS-DEC|40|Loads Limited|0.0|0|0|13.04|0|12.91|||
28SEP2026|LOADS-NOV|40|Loads Limited|0.0|0|0|12.89|0|12.76|||
28SEP2026|LOADS-OCT|40|Loads Limited|12.54|12.77|12.41|12.68|172000|12.54|||
28SEP2026|LOTCHEM|0805|Lotte Chemical|25.84|26.01|25.55|25.93|2320274|25.51|||
28SEP2026|LOTCHEM-CDEC|40|Lotte Chemical|0.0|0|0|26.91|0|26.49|||
28SEP2026|LOTCHEM-CNOV|40|Lotte Chemical|0.0|0|0|26.61|0|26.19|||
28SEP2026|LOTCHEM-COCT|40|Lotte Chemical|0.0|0|0|26.29|0|25.88|||
28SEP2026|LOTCHEM-DEC|40|Lotte Chemical|0.0|0|0|26.91|0|26.49|||
28SEP2026|LOTCHEM-NOV|40|Lotte Chemical|0.0|0|0|26.61|0|26.19|||
28SEP2026|LOTCHEM-OCT|40|Lotte Chemical|25.85|26.2|25.85|26.14|390000|25.69|||
28SEP2026|LPGL|0805|Leiner Pak Gelat|71.69|71.9|69.2|71.8|2379|69.33|||
28SEP2026|LPL|0824|Lalpir Power|19.01|19.01|18.5|18.63|18896|19.01|||
28SEP2026|LSECL|0813|LSE Capital Ltd.|5.99|6.12|5.9|5.91|748756|5.94|||
28SEP2026|LSEFSL|0813|LSE Fin. Services|3.69|3.69|3.35|3.41|543603|3.61|||
28SEP2026|LSEVL|0813|LSE Ventures Ltd|13.98|13.98|13.31|13.43|1222593|13.97|||
28SEP2026|LUCK|0804|Lucky CementXD|418.3|419|410|412.57|634772|416.62|||
28SEP2026|LUCK-DEC|40|Lucky CementXD|0.0|0|0|428.24|0|432.62|||
28SEP2026|LUCK-NOVB|40|Lucky CementXD|0.0|0|0|423.37|0|427.69|||
28SEP2026|LUCK-OCTB|40|Lucky CementXD|418.1|418.1|414.5|415.17|29500|422.58|||
28SEP2026|MACFL|0822|MACPAC Films|71.15|72.7|69.9|70.3|399945|72.25|||
28SEP2026|MACTER|0823|Macter Int. Ltd|259.0|268|258.8|259.64|6948|258.92|||
28SEP2026|MARI|0820|Mari Energies Ltd.|640.97|641.99|634.5|635.09|244578|639.62|||
28SEP2026|MARI-DEC|40|Mari Energies Ltd.|0.0|0|0|659.2|0|664.19|||
28SEP2026|MARI-NOVB|40|Mari Energies Ltd.|0.0|0|0|651.72|0|656.62|||
28SEP2026|MARI-OCTB|40|Mari Energies Ltd.|642.0|644|640|640.47|27500|645.4|||
28SEP2026|MCB|0807|MCB Bank Ltd|390.96|391.97|389.33|390.01|459995|389.3|||
28SEP2026|MCB-CDEC|40|MCB Bank Ltd|0.0|0|0|404.82|0|404.25|||
28SEP2026|MCB-CNOV|40|MCB Bank Ltd|0.0|0|0|400.22|0|399.64|||
28SEP2026|MCB-COCT|40|MCB Bank Ltd|0.0|0|0|395.46|0|394.9|||
28SEP2026|MCB-DEC|40|MCB Bank Ltd|0.0|0|0|404.82|0|404.25|||
28SEP2026|MCBIM|0813|MCB Inv MGT|165.0|165|159.11|160.04|5563|163|||
28SEP2026|MCB-NOV|40|MCB Bank Ltd|0.0|0|0|400.22|0|399.64|||
28SEP2026|MCB-OCTB|40|MCB Bank Ltd|393.84|393.84|393.81|393.81|1500|391|||
28SEP2026|MDTL|0828|Media Times Ltd|8.3|8.47|7.85|8.01|9214645|8.32|||
28SEP2026|MDTL-DEC|40|Media Times Ltd|0.0|0|0|8.31|0|8.64|||
28SEP2026|MDTL-NOV|40|Media Times Ltd|0.0|0|0|8.22|0|8.54|||
28SEP2026|MDTL-OCT|40|Media Times Ltd|8.48|8.54|7.93|8.09|4695000|8.43|||
28SEP2026|MEBL|0807|Meezan Bank Ltd|548.12|550.7|545.01|549.23|200646|548.12|||
28SEP2026|MEBL-DEC|40|Meezan Bank Ltd|0.0|0|0|570.08|0|569.17|||
28SEP2026|MEBL-NOV|40|Meezan Bank Ltd|0.0|0|0|563.61|0|562.68|||
28SEP2026|MEBL-OCTB|40|Meezan Bank Ltd|547.0|550.03|547|549|4000|546.99|||
28SEP2026|MEHT|0829|Mehmood Tex.|139.05|140.45|138.25|138.98|9705|139.39|||
28SEP2026|MERIT|0822|Merit Packaging|9.75|9.75|9.33|9.39|123055|9.51|||
28SEP2026|MFFL|0810|MithchellsFruit|167.98|167.98|162.7|163.13|2583|162.9|||
28SEP2026|MFL|0810|Matco Foods Ltd|44.71|47.7|44.71|45.85|2425576|44.75|||
28SEP2026|MIIETF|0837|Mahaana Islamic|16.24|16.24|16.05|16.11|337000|16.15|||
28SEP2026|MIRKS|0826|Mirpurkhas Sugar|32.9|32.9|32.05|32.16|6991|32.59|||
28SEP2026|MLCF|0804|Maple Leaf|94.49|94.5|93.35|93.54|2606237|94.72|||
28SEP2026|MLCF-CDEC|40|Maple Leaf|0.0|0|0|97.09|0|98.36|||
28SEP2026|MLCF-CNOV|40|Maple Leaf|0.0|0|0|95.99|0|97.24|||
28SEP2026|MLCF-COCT|40|Maple Leaf|0.0|0|0|94.85|0|96.08|||
28SEP2026|MLCF-DEC|40|Maple Leaf|0.0|0|0|97.09|0|98.36|||
28SEP2026|MLCF-NOV|40|Maple Leaf|0.0|0|0|95.99|0|97.24|||
28SEP2026|MLCF-OCT|40|Maple Leaf|95.78|95.78|94.1|94.25|1485000|95.25|||
28SEP2026|MQTM|0830|Maqbool Textile|26.4|27.2|26.4|26.73|7284|26.45|||
28SEP2026|MRNS|0826|Mehran Sugar|62.24|62.24|60.02|60.61|1207|61.02|||
28SEP2026|MSCL|0808|Metro Steel|21.79|22.35|20.06|21.45|17924|21.79|||
28SEP2026|MSOT|0839|Masood Textile|189.01|194.95|188.6|192.89|64451|191.66|||
28SEP2026|MTL|0801|Millat Tractors|298.01|300|298.01|299.07|44893|297.99|||
28SEP2026|MTL-CDEC|40|Millat Tractors|0.0|0|0|310.43|0|309.43|||
28SEP2026|MTL-CNOV|40|Millat Tractors|0.0|0|0|306.9|0|305.91|||
28SEP2026|MTL-COCT|40|Millat Tractors|0.0|0|0|303.25|0|302.27|||
28SEP2026|MTL-DEC|40|Millat Tractors|0.0|0|0|310.43|0|309.43|||
28SEP2026|MTL-NOV|40|Millat Tractors|0.0|0|0|306.9|0|305.91|||
28SEP2026|MTL-OCT|40|Millat Tractors|301.49|301.49|301.49|301.49|500|301.7|||
28SEP2026|MUGHAL|0808|Mughal Iron|70.3|70.7|69.85|70.03|118746|70.3|||
28SEP2026|MUGHALC|0808|Mughal Iron(C)|56.0|63.5|56|62|73|62|||
28SEP2026|MUGHAL-CDEC|40|Mughal Iron|0.0|0|0|72.69|0|73|||
28SEP2026|MUGHAL-CNOV|40|Mughal Iron|0.0|0|0|71.86|0|72.17|||
28SEP2026|MUGHAL-COCT|40|Mughal Iron|0.0|0|0|71.01|0|71.31|||
28SEP2026|MUGHAL-DEC|40|Mughal Iron|0.0|0|0|72.69|0|73|||
28SEP2026|MUGHAL-NOV|40|Mughal Iron|0.0|0|0|71.86|0|72.17|||
28SEP2026|MUGHAL-OCT|40|Mughal Iron|70.8|70.8|70|70.23|15500|70.73|||
28SEP2026|MUREB|0810|Murree Brewery|931.0|950|928|935.61|1797|938.14|||
28SEP2026|MWMP|0818|Mandviwala|77.3|88|77.3|85.86|677500|80.53|||
28SEP2026|MZNPETF|0837|Meezan Pakistan|17.49|17.6|17.3|17.39|402000|17.41|||
28SEP2026|MZNPETF-DEC|40|Meezan Pakistan|0.0|0|0|18.05|0|18.08|||
28SEP2026|MZNPETF-NOV|40|Meezan Pakistan|0.0|0|0|17.85|0|17.87|||
28SEP2026|MZNPETF-OCT|40|Meezan Pakistan|0.0|0|0|17.63|0|17.66|||
28SEP2026|NAGC|0830|Nagina Cotton|74.0|80|74|78.77|1769|79|||
28SEP2026|NATF|0810|National Foods|346.01|348|343|345.94|33991|345.18|||
28SEP2026|NATF-CDEC|40|National Foods|0.0|0|0|359.08|0|358.44|||
28SEP2026|NATF-CNOV|40|National Foods|0.0|0|0|355|0|354.35|||
28SEP2026|NATF-COCT|40|National Foods|0.0|0|0|350.77|0|350.14|||
28SEP2026|NATF-DEC|40|National Foods|0.0|0|0|359.08|0|358.44|||
28SEP2026|NATF-NOV|40|National Foods|0.0|0|0|355|0|354.35|||
28SEP2026|NATF-OCT|40|National Foods|0.0|0|0|350.77|0|350.14|||
28SEP2026|NATM|0830|Nadeem Textile|65.1|76.98|65.1|71.45|224|71.45|||
28SEP2026|NBP|0807|National Bank|165.01|167.2|163.01|165.19|2064648|165.55|||
28SEP2026|NBP-CDEC|40|National Bank|0.0|0|0|171.46|0|171.91|||
28SEP2026|NBP-CNOV|40|National Bank|0.0|0|0|169.52|0|169.95|||
28SEP2026|NBP-COCT|40|National Bank|0.0|0|0|167.5|0|167.93|||
28SEP2026|NBP-DEC|40|National Bank|0.0|0|0|171.46|0|171.91|||
28SEP2026|NBPGETF|0837|NBP Pakistan G ETF|26.5|27.27|26.49|26.65|12000|27.3|||
28SEP2026|NBPGETF-DEC|40|NBP Pakistan G ETF|0.0|0|0|27.66|0|28.35|||
28SEP2026|NBPGETF-NOV|40|NBP Pakistan G ETF|0.0|0|0|27.35|0|28.03|||
28SEP2026|NBPGETF-OCT|40|NBP Pakistan G ETF|0.0|0|0|27.02|0|27.69|||
28SEP2026|NBP-NOV|40|National Bank|0.0|0|0|169.52|0|169.95|||
28SEP2026|NBP-OCT|40|National Bank|166.41|168.9|165.71|166.12|823000|167.2|||
28SEP2026|NCL|0829|Nishat (Chun.)|38.91|39.58|38.65|39.06|227329|38.75|||
28SEP2026|NCML|0830|Nazir Cotton Mills|15.82|16.19|15.78|15.9|110|15.9|||
28SEP2026|NCPL|0824|Nishat ChunPower|58.0|59.7|55.72|56.15|12962661|57.86|||
28SEP2026|NCPL-CDEC|40|Nishat ChunPower|0.0|0|0|58.28|0|60.08|||
28SEP2026|NCPL-CNOV|40|Nishat ChunPower|0.0|0|0|57.62|0|59.4|||
28SEP2026|NCPL-COCT|40|Nishat ChunPower|0.0|0|0|56.93|0|58.69|||
28SEP2026|NCPL-DEC|40|Nishat ChunPower|0.0|0|0|58.28|0|60.08|||
28SEP2026|NCPL-NOV|40|Nishat ChunPower|57.0|57|57|57|2500|59.4|||
28SEP2026|NCPL-OCT|40|Nishat ChunPower|58.89|60.2|55.94|56.38|7921500|58.35|||
28SEP2026|NESTLE|0810|Nestle Pakistan|7367.22|7380|7302|7361|123|7367.22|||
28SEP2026|NETSOL|0828|Netsol Tech.|122.17|124.8|122|124.21|979438|121.74|||
28SEP2026|NETSOL-CDEC|40|Netsol Tech.|0.0|0|0|128.93|0|126.42|||
28SEP2026|NETSOL-CNOV|40|Netsol Tech.|0.0|0|0|127.46|0|124.97|||
28SEP2026|NETSOL-COCT|40|Netsol Tech.|0.0|0|0|125.94|0|123.49|||
28SEP2026|NEXT|0813|Next Capital|14.29|14.44|13.6|14.11|43998|14.01|||
28SEP2026|NICL|0805|Nimir Ind.Chem|266.95|268|263.5|265.16|71605|263.95|||
28SEP2026|NITGETF|0837|NIT Pakistan|32.83|33.09|32.83|33.08|20500|33.2|||
28SEP2026|NITGETF-DEC|40|NIT Pakistan|0.0|0|0|34.34|0|34.48|||
28SEP2026|NITGETF-NOV|40|NIT Pakistan|0.0|0|0|33.95|0|34.08|||
28SEP2026|NITGETF-OCT|40|NIT Pakistan|0.0|0|0|33.54|0|33.68|||
28SEP2026|NML|0829|Nishat Mills Ltd|134.95|135.25|132.75|133.09|914560|134.8|||
28SEP2026|NML-CDEC|40|Nishat Mills Ltd|0.0|0|0|138.14|0|139.98|||
28SEP2026|NML-CNOV|40|Nishat Mills Ltd|0.0|0|0|136.58|0|138.38|||
28SEP2026|NML-COCT|40|Nishat Mills Ltd|0.0|0|0|134.95|0|136.74|||
28SEP2026|NML-DEC|40|Nishat Mills Ltd|0.0|0|0|138.14|0|139.98|||
28SEP2026|NML-NOV|40|Nishat Mills Ltd|0.0|0|0|136.58|0|138.38|||
28SEP2026|NML-OCT|40|Nishat Mills Ltd|136.0|136.5|131|134.05|365500|135.44|||
28SEP2026|NNAR|0836|Naya Nazimabad|22.44|23.12|22.25|22.95|780011|22.33|||
28SEP2026|NONS|0826|Noon Sugar|81.8|82|80.4|80.4|2425|80.34|||
28SEP2026|NPL|0824|Nishat Power|64.25|66|62|62.45|5145773|63.97|||
28SEP2026|NPL-CDEC|40|Nishat Power|0.0|0|0|64.82|0|66.43|||
28SEP2026|NPL-CNOV|40|Nishat Power|0.0|0|0|64.09|0|65.67|||
28SEP2026|NPL-COCT|40|Nishat Power|0.0|0|0|63.32|0|64.89|||
28SEP2026|NPL-DEC|40|Nishat Power|0.0|0|0|64.82|0|66.43|||
28SEP2026|NPL-NOV|40|Nishat Power|0.0|0|0|64.09|0|65.67|||
28SEP2026|NPL-OCT|40|Nishat Power|64.99|67|62.49|62.81|2273500|64.57|||
28SEP2026|NRL|0825|National Refinery|550.0|581.5|549.9|567.18|3048327|550.64|||
28SEP2026|NRL-DEC|40|National Refinery|0.0|0|0|588.72|0|571.79|||
28SEP2026|NRL-NOV|40|National Refinery|0.0|0|0|582.03|0|565.27|||
28SEP2026|NRL-OCT|40|National Refinery|556.01|585.02|554.99|571.79|1787500|555.7|||
28SEP2026|NRSL|0805|Nimir Resins|35.71|36.25|35.5|36.13|288370|35.9|||
28SEP2026|NSRM|0827|National Silk|208.0|209|202|208.22|230|208.85|||
28SEP2026|OBOY|0821|Oilboy Energy|17.23|17.49|16.4|16.44|1848202|17.15|||
28SEP2026|OCTOPUS|0828|Octopus Digital|28.5|28.8|28.08|28.51|52123|28.29|||
28SEP2026|OGDC|0820|Oil & Gas Dev|316.5|319.8|315.3|318.69|1646464|316.24|||
28SEP2026|OGDC-CDEC|40|Oil & Gas Dev|0.0|0|0|330.79|0|328.39|||
28SEP2026|OGDC-CNOV|40|Oil & Gas Dev|0.0|0|0|327.04|0|324.64|||
28SEP2026|OGDC-COCT|40|Oil & Gas Dev|0.0|0|0|323.14|0|320.79|||
28SEP2026|OGDC-DEC|40|Oil & Gas Dev|0.0|0|0|324.51|0|322.16|||
28SEP2026|OGDC-NOVB|40|Oil & Gas Dev|0.0|0|0|320.83|0|318.5|||
28SEP2026|OGDC-OCTB|40|Oil & Gas Dev|314.5|317.01|313.08|316.39|587500|314.71|||
28SEP2026|OGTI-DEC|41|OGTI|0.0|0|0|36008|0|35009|||
28SEP2026|OGTI-NOV|41|OGTI|0.0|0|0|35699|0|35706|||
28SEP2026|OGTI-OCT|41|OGTI|0.0|0|0|35379|0|35386|||
28SEP2026|OLPL|0813|OLP Financial|51.9|51.9|50.85|51|3723|51.56|||
28SEP2026|OLPM|0819|OLP Modaraba|27.11|27.49|26.7|27|26659|27|||
28SEP2026|OML|0818|Olympia Mills|76.07|81.9|76.07|78.36|21418|81.95|||
28SEP2026|ORM|0819|Orient Rental|11.97|11.97|11.5|11.51|132928|11.47|||
28SEP2026|OTSU|0823|Otsuka Pak|369.5|375|356.75|366.3|4792|363.99|||
28SEP2026|P01GHS020927|36|1 Year GHS|90.14|90.14|90.14|90.14|5000|90.11|||
28SEP2026|P01GHS050827|36|1 Year GHS|91.01|91.01|91.01|91.01|5000|90.98|||
28SEP2026|P01GHS080727|36|1 Year GHS|91.79|91.79|91.79|91.79|5000|91.76|||
28SEP2026|P01GHS100627|36|1 Year GHS|92.53|92.53|92.53|92.53|200005000|92.52|||
28SEP2026|P01GHS130527|36|1 Year GHS|93.33|93.33|93.33|93.33|750000000|93.11|||
28SEP2026|P01GHS150427|36|1 Year GHS|0.0|0|0|93.81|300000000|93.81|||
28SEP2026|P01GHS160927|36|1 Year GHS|89.69|89.69|89.69|89.69|74205000|89.66|||
28SEP2026|P01GHS190827|36|1 Year GHS|90.62|90.62|90.62|90.62|5000|90.59|||
28SEP2026|P01GHS230627|36|1 Year GHS|92.08|92.08|92.08|92.08|5000|92.05|||
28SEP2026|P01GHS290427|36|1 Year GHS|93.38|93.6|93.38|93.6|15000|93.38|||
28SEP2026|P01GIS141026|36|1 YEAR GIS|0.0|0|0|99.41|700000000|99.41|||
28SEP2026|P01GIS210127|36|1 Year GIS|96.46|96.49|96.46|96.49|413005000|96.5|||
28SEP2026|P03FRR180629|36|3 Year Fixed Rate|99.79|99.8|99.79|99.8|100000|100.04|||
28SEP2026|P03FRR180927|36|3 Year Fixed Rate|101.76|101.76|101.76|101.76|2310000|102.12|||
28SEP2026|P03FRR220129|36|3 Year Fixed Rate|95.29|95.29|95.29|95.29|5000|96.25|||
28SEP2026|P03GHS121126|36|3 Month GHS|98.63|98.63|98.63|98.63|600005000|98.6|||
28SEP2026|P03GHS151026|36|3 Month GHS|99.47|99.49|97.47|99.49|36000005000|99.46|||
28SEP2026|P03GHS261126|36|3 Month GHS|98.21|98.21|98.21|98.21|5000|98.18|||
28SEP2026|P03GHS291026|36|3 Month GHS|99.06|99.06|99.06|99.06|5000|99.02|||
28SEP2026|P03VRR211027|36|3 Year Variable Rate|99.25|99.25|99.25|99.25|200000000|99.16|||
28SEP2026|P05FRR180929|36|5 Year Fixed Rate|103.85|103.85|103.85|103.85|13300000000|104.13|||
28SEP2026|P05FRR240129|36|5 Year Fixed Rate|106.09|106.09|106.09|106.09|5000|106.59|||
28SEP2026|P06GHS040327|36|6 Month GHS|95.24|95.24|95.24|95.24|999000000|95.25|||
28SEP2026|P06GHS210127|36|6 Month GHS|96.49|96.49|96.49|96.49|5000|96.46|||
28SEP2026|PABC|0818|Pakistan Alumin|93.77|96|92.67|96|54310|94.42|||
28SEP2026|PACE|0838|Pace (Pak) Ltd.|10.22|10.3|10.08|10.1|1416857|10.22|||
28SEP2026|PACE-DEC|40|Pace (Pak) Ltd.|0.0|0|0|10.48|0|10.61|||
28SEP2026|PACE-NOV|40|Pace (Pak) Ltd.|0.0|0|0|10.36|0|10.49|||
28SEP2026|PACE-OCT|40|Pace (Pak) Ltd.|10.32|10.35|10.15|10.19|617500|10.33|||
28SEP2026|PAEL|0803|Pak Elektron|36.0|36.14|35.5|35.74|1633862|35.99|||
28SEP2026|PAEL-CDEC|40|Pak Elektron|0.0|0|0|37.1|0|37.37|||
28SEP2026|PAEL-CNOV|40|Pak Elektron|0.0|0|0|36.68|0|36.95|||
28SEP2026|PAEL-COCT|40|Pak Elektron|0.0|0|0|36.24|0|36.51|||
28SEP2026|PAEL-DEC|40|Pak Elektron|0.0|0|0|37.1|0|37.37|||
28SEP2026|PAEL-NOV|40|Pak Elektron|0.0|0|0|36.68|0|36.95|||
28SEP2026|PAEL-OCT|40|Pak Elektron|36.07|36.35|35.87|36.02|412000|36.31|||
28SEP2026|PAKD|0828|Pak Datacom|120.5|121.95|120.5|121.75|355|120.47|||
28SEP2026|PAKL|0816|Pak Leather|54.65|54.65|51|53.01|266|53.01|||
28SEP2026|PAKOXY|0805|Pak Oxygen Ltd.|336.0|351|336|344.17|255782|338.48|||
28SEP2026|PAKQATAR|0812|Pak Qatar Family|17.2|17.41|17.06|17.37|50475|17.24|||
28SEP2026|PAKRI|0812|Pak Reinsurance|15.63|15.82|15.41|15.74|306227|15.83|||
28SEP2026|PAKT|0832|Pak Tobacco|1400.0|1427|1385.11|1390|14434|1403.47|||
28SEP2026|PASL|0813|Pervez Ahmed Co|2.62|2.63|2.52|2.54|980042|2.58|||
28SEP2026|PASM|0829|Paramount Sp|9.21|9.88|9.1|9.7|11778|9.21|||
28SEP2026|PCAL|0803|Pakistan Cables-|138.9|138.9|135.88|136|8399|137.47|||
28SEP2026|PECO|0808|Pak Engineering|633.5|655|627|629.2|3975|631.65|||
28SEP2026|PGLC|0815|Pak Gulf Leasing|17.0|17|16.26|16.9|4763|17|||
28SEP2026|PIAHCLA|0813|PIA Holding Company|23.0|23|22.53|22.62|1396952|22.71|||
28SEP2026|PIAHCLA-DEC|40|PIA Holding Company|0.0|0|0|23.48|0|23.58|||
28SEP2026|PIAHCLA-NOV|40|PIA Holding Company|0.0|0|0|23.21|0|23.31|||
28SEP2026|PIAHCLA-OCT|40|PIA Holding Company|23.1|23.2|22.75|22.81|631000|22.99|||
28SEP2026|PIAHCLB|0813|PIA Holding Co.(B)|15100.0|15150|15100|15125|3|15459.17|||
28SEP2026|PIBTL|0833|Pak Int.Bulk|15.04|15.12|14.92|14.94|3943883|15.13|||
28SEP2026|PIBTL-CDEC|40|Pak Int.Bulk|0.0|0|0|15.51|0|15.71|||
28SEP2026|PIBTL-CNOV|40|Pak Int.Bulk|0.0|0|0|15.33|0|15.53|||
28SEP2026|PIBTL-COCT|40|Pak Int.Bulk|0.0|0|0|15.15|0|15.35|||
28SEP2026|PIBTL-DEC|40|Pak Int.Bulk|0.0|0|0|15.51|0|15.71|||
28SEP2026|PIBTL-NOV|40|Pak Int.Bulk|0.0|0|0|15.33|0|15.53|||
28SEP2026|PIBTL-OCT|40|Pak Int.Bulk|15.2|15.26|15.01|15.06|523500|15.29|||
28SEP2026|PICT|0833|Pak.Int.Container|50.0|51.9|49.1|49.37|395159|50.07|||
28SEP2026|PIL|0812|PICIC Ins.Ltd.|5.23|5.23|4.92|5.16|1551|5.05|||
28SEP2026|PIM|0819|Popular Islamic|53.86|58.75|48.39|49.46|111708|53.77|||
28SEP2026|PINL|0812|Premier Ins.|10.75|10.75|10.4|10.41|12762|10.49|||
28SEP2026|PIOC|0804|Pioneer Cement|243.5|246.39|242.52|243.14|10711|245.85|||
28SEP2026|PIOC-CDEC|40|Pioneer Cement|0.0|0|0|252.37|0|255.29|||
28SEP2026|PIOC-CNOV|40|Pioneer Cement|0.0|0|0|249.51|0|252.38|||
28SEP2026|PIOC-COCT|40|Pioneer Cement|0.0|0|0|246.54|0|249.38|||
28SEP2026|PIOC-OCT|40|Pioneer Cement|244.26|244.27|244.26|244.26|1500|246.46|||
28SEP2026|PKGI|0812|Pak Gen.Ins.|32.88|33.88|32.19|32.19|128989|35.77|||
28SEP2026|PKGP|0824|Pakgen Power|35.51|36.79|35.51|35.65|10695|36.38|||
28SEP2026|PKGS|0822|Packages Ltd.|720.0|720|713|714.41|204|722.56|||
28SEP2026|PMRS|0826|Premier Suger|376.02|395.8|355.54|367.7|3334|395.04|||
28SEP2026|PNSC|0833|P.N.S.C|554.0|569|540|561.19|87502|554.73|||
28SEP2026|POL|0820|Pak Oilfields|748.3|753.9|748.3|752.44|261258|747.22|||
28SEP2026|POL-CDEC|40|Pak Oilfields|0.0|0|0|781.01|0|775.92|||
28SEP2026|POL-CNOV|40|Pak Oilfields|0.0|0|0|772.14|0|767.08|||
28SEP2026|POL-COCT|40|Pak Oilfields|0.0|0|0|762.95|0|757.96|||
28SEP2026|POL-DEC|40|Pak Oilfields|0.0|0|0|705.23|0|700.63|||
28SEP2026|POL-NOVB|40|Pak Oilfields|0.0|0|0|697.22|0|692.68|||
28SEP2026|POL-OCTB|40|Pak Oilfields|0.0|0|0|688.92|0|684.44|||
28SEP2026|POML|0834|Punjab Oil|143.0|143|142.17|142.21|194|142.17|||
28SEP2026|POWER|0804|Power Cement|22.23|22.51|22|22.09|546412|22.3|||
28SEP2026|POWER-DEC|40|Power Cement|0.0|0|0|22.93|0|23.16|||
28SEP2026|POWER-NOV|40|Power Cement|0.0|0|0|22.67|0|22.89|||
28SEP2026|POWER-OCT|40|Power Cement|22.5|22.73|22.23|22.32|180000|22.4|||
28SEP2026|POWERPS|0804|Power Cem (PR)|27.59|27.59|27.59|27.59|1008|25.08|||
28SEP2026|PPL|0820|Pak Petroleum|232.0|232|229.26|231.01|1853684|231.68|||
28SEP2026|PPL-CDEC|40|Pak Petroleum|0.0|0|0|239.78|0|240.58|||
28SEP2026|PPL-CNOV|40|Pak Petroleum|0.0|0|0|237.06|0|237.84|||
28SEP2026|PPL-COCT|40|Pak Petroleum|0.0|0|0|234.24|0|235.01|||
28SEP2026|PPL-DEC|40|Pak Petroleum|0.0|0|0|239.78|0|240.58|||
28SEP2026|PPL-NOV|40|Pak Petroleum|0.0|0|0|237.06|0|237.84|||
28SEP2026|PPL-OCT|40|Pak Petroleum|232.2|233.48|231.1|232.6|397500|233.2|||
28SEP2026|PPP|0822|Pak Paper Prod|147.51|149.37|146.01|148.28|25350|148.37|||
28SEP2026|PPVC|0805|Pak.P.V.C.|19.0|19.45|18.4|18.53|44367|19.8|||
28SEP2026|PQGTL|0812|Pak Qatar General|13.0|13.4|12.81|13.4|76346|12.95|||
28SEP2026|PREMA|0810|At-Tahur Ltd.|31.61|32.46|31.6|32.04|648514|31.63|||
28SEP2026|PREMA-CDEC|40|At-Tahur Ltd.|0.0|0|0|33.26|0|32.84|||
28SEP2026|PREMA-CNOV|40|At-Tahur Ltd.|0.0|0|0|32.88|0|32.47|||
28SEP2026|PREMA-COCT|40|At-Tahur Ltd.|0.0|0|0|32.49|0|32.08|||
28SEP2026|PREMA-OCT|40|At-Tahur Ltd.|32.0|32.75|32|32.32|267000|31.91|||
28SEP2026|PRET|0830|Premium Tex.|555.0|555|530.15|539.95|3792|530.15|||
28SEP2026|PRL|0825|Pak Refinery|93.0|96.23|92.4|94.33|24140805|93.11|||
28SEP2026|PRL-CDEC|40|Pak Refinery|0.0|0|0|97.91|0|96.69|||
28SEP2026|PRL-CNOV|40|Pak Refinery|0.0|0|0|96.8|0|95.58|||
28SEP2026|PRL-COCT|40|Pak Refinery|0.0|0|0|95.65|0|94.45|||
28SEP2026|PRL-DEC|40|Pak Refinery|0.0|0|0|97.91|0|96.69|||
28SEP2026|PRL-NOV|40|Pak Refinery|0.0|0|0|96.8|0|95.58|||
28SEP2026|PRL-OCT|40|Pak Refinery|93.64|97|93.03|95.05|16846000|93.88|||
28SEP2026|PRWM|0831|Prosperity Weaving|62.83|62.83|62.83|60|3|60|||
28SEP2026|PSEL|0818|Pak Services|1148.97|1159.98|1140.02|1145.04|70|1148.97|||
28SEP2026|PSO|0821|P.S.O.|354.5|356.99|351.05|355.24|1076916|354.37|||
28SEP2026|PSO-CDEC|40|P.S.O.|0.0|0|0|368.73|0|367.98|||
28SEP2026|PSO-CNOV|40|P.S.O.|0.0|0|0|364.54|0|363.79|||
28SEP2026|PSO-COCT|40|P.S.O.|0.0|0|0|360.2|0|359.46|||
28SEP2026|PSO-DEC|40|P.S.O.|0.0|0|0|368.73|0|367.98|||
28SEP2026|PSO-NOV|40|P.S.O.|0.0|0|0|364.54|0|363.79|||
28SEP2026|PSO-OCT|40|P.S.O.|356.0|359|354|357.85|424000|356.85|||
28SEP2026|PSX|0813|Pak Stock Exchange|47.0|47.3|46.75|46.95|568284|46.91|||
28SEP2026|PSYL|0827|Pak Synthetics|147.5|161.85|132.43|139.98|3678|147.14|||
28SEP2026|PTC|0828|P.T.C.L.|62.0|63.49|60.81|61.26|364000|61.37|||
28SEP2026|PTC-CDEC|40|P.T.C.L.|0.0|0|0|63.59|0|63.73|||
28SEP2026|PTC-CNOV|40|P.T.C.L.|0.0|0|0|62.86|0|63|||
28SEP2026|PTC-COCT|40|P.T.C.L.|0.0|0|0|62.12|0|62.25|||
28SEP2026|PTC-DEC|40|P.T.C.L.|0.0|0|0|63.59|0|63.73|||
28SEP2026|PTC-NOV|40|P.T.C.L.|0.0|0|0|62.86|0|63|||
28SEP2026|PTC-OCT|40|P.T.C.L.|63.69|63.69|61.42|62.03|175500|61.74|||
28SEP2026|PTL|0802|Panther Tyres Ltd.|49.5|50.15|49.5|49.63|45600|49.51|||
28SEP2026|QTECH|0828|Quantum Data|37.32|39.59|37|37.96|1686736|37.41|||
28SEP2026|QUET|0829|Quetta Textile|14.4|14.55|14.2|14.31|647|14.31|||
28SEP2026|QUICE|0810|Quice Food|31.67|31.67|30.4|30.49|258825|31.67|||
28SEP2026|REDCO|0829|Redco Textile|30.83|30.97|28.01|29.24|20161|30.83|||
28SEP2026|REWM|0829|Reliance Weaving|160.0|160|160|168.87|1|168.87|||
28SEP2026|RICL|0812|Reliance Ins.|11.8|11.8|11.8|11.8|550|11.58|||
28SEP2026|RMPL|0810|Rafhan Maize|8731.0|8979|8731|8835|50|8842.86|||
28SEP2026|RPL|0822|Roshan Packages|15.6|15.68|15.2|15.59|107077|15.54|||
28SEP2026|RUBY|0830|Ruby Textile|21.9|22.1|20.15|21.58|3874|21.87|||
28SEP2026|RUPL|0827|Rupali Polyester|29.01|29.8|28.56|28.98|13651|29.1|||
28SEP2026|SAIF|0830|Saif Textile|41.71|42.65|41.1|42|11683|41.71|||
28SEP2026|SANSM|0826|Sanghar Sugar|115.1|115.1|115.1|119.61|10|119.61|||
28SEP2026|SAPT|0829|Sapphire Tex.|1618.1|1618.1|1456.31|1560.65|563|1618.12|||
28SEP2026|SARC|0805|Sardar Chemical|80.0|80|76.24|76.53|41955|79.05|||
28SEP2026|SASML|0826|Sindh Abadgar|340.0|340.99|335.01|339.99|450|335.01|||
28SEP2026|SAZEW|0801|Sazgar EngineeringXD|1740.0|1745|1718.65|1724.89|61497|1742.01|||
28SEP2026|SAZEW-CDEC|40|Sazgar EngineeringXD|0.0|0|0|1790.38|0|1808.91|||
28SEP2026|SAZEW-CNOV|40|Sazgar EngineeringXD|0.0|0|0|1770.06|0|1788.3|||
28SEP2026|SAZEW-COCT|40|Sazgar EngineeringXD|0.0|0|0|1748.98|0|1767.05|||
28SEP2026|SAZEW-DEC|40|Sazgar EngineeringXD|0.0|0|0|1790.38|0|1808.91|||
28SEP2026|SAZEW-NOVB|40|Sazgar EngineeringXD|0.0|0|0|1770.06|0|1788.3|||
28SEP2026|SAZEW-OCTB|40|Sazgar EngineeringXD|1735.0|1745|1735|1739.96|22000|1760|||
28SEP2026|SBL|0807|Samba Bank|12.75|12.95|12.51|12.61|33031|12.74|||
28SEP2026|SCBPL|0807|St.Chart.Bank|61.49|61.49|59|59.91|18221|59.78|||
28SEP2026|SEARL|0823|The Searle Company|81.99|82.8|80.8|81.16|4143848|82.43|||
28SEP2026|SEARL-CDEC|40|The Searle Company|0.0|0|0|84.24|0|85.6|||
28SEP2026|SEARL-CNOV|40|The Searle Company|0.0|0|0|83.29|0|84.62|||
28SEP2026|SEARL-COCT|40|The Searle Company|0.0|0|0|82.29|0|83.61|||
28SEP2026|SEARL-DEC|40|The Searle Company|0.0|0|0|83.22|0|84.56|||
28SEP2026|SEARL-NOV|40|The Searle Company|0.0|0|0|81.3|0|82.61|||
28SEP2026|SEARL-NOVB|40|The Searle Company|0.0|0|0|82.28|0|83.6|||
28SEP2026|SEARL-OCT|40|The Searle Company|82.56|83.05|81|81.33|3365500|82.89|||
28SEP2026|SEARL-OCTB|40|The Searle Company|81.5|81.76|80.04|81.11|1955000|82.6|||
28SEP2026|SEL|0824|Sitara Energy|26.01|26.01|25.11|25.39|2181|26.21|||
28SEP2026|SELECT|0828|Select Technologies|30.12|32.25|30.12|31.33|8282242|30.76|||
28SEP2026|SEPL|0822|Security PaperXD|137.0|137|132.5|133.79|53697|136.55|||
28SEP2026|SERT|0830|Service Ind Tex|39.43|39.43|38|38.97|2703|38.58|||
28SEP2026|SFL|0829|Sapphire Fiber|1104.98|1104.98|1031|1053.5|45|1033.67|||
28SEP2026|SGF|0816|Service Global|109.1|110.5|106.01|109.18|135959|108.14|||
28SEP2026|SGF-CDEC|40|Service Global|0.0|0|0|113.33|0|112.29|||
28SEP2026|SGF-CNOV|40|Service Global|0.0|0|0|112.04|0|111.01|||
28SEP2026|SGF-COCT|40|Service Global|0.0|0|0|110.7|0|109.69|||
28SEP2026|SGPL|0824|S.G.Power|23.14|23.14|23.14|23.14|515280|25.71|||
28SEP2026|SHCM|0830|Shadman Cotton|53.27|59.95|53.27|55.62|3200|55.7|||
28SEP2026|SHDT|0830|Shadab Textile|51.75|51.75|47.25|49.78|169236|51.06|||
28SEP2026|SHEZ|0810|Shezan Inter.|294.49|315|288|305.75|45103|287.63|||
28SEP2026|SHFA|0818|Shifa Int.Hospital|456.6|456.6|442.03|449.64|1375|453.27|||
28SEP2026|SHJS|0826|Shahtaj Sugar|137.52|139.24|137.52|139.24|2|139.24|||
28SEP2026|SHNI|0812|Shaheen Ins.|8.2|8.2|7.8|7.89|18538|8|||
28SEP2026|SHSML|0826|Shahmurad Sugar|354.99|354.99|333.1|340.5|368|349.48|||
28SEP2026|SIBL|0813|Sec. Inv. Bank|6.75|6.8|6.31|6.39|10121|6.88|||
28SEP2026|SIEM|0803|Siemens Pak.|1600.1|1600.1|1600|1600|64|1614.71|||
28SEP2026|SINDM|0819|Sindh Modaraba|27.93|28.25|26.5|27.5|62202|27.88|||
28SEP2026|SITC|0805|Sitara Chemical|744.0|744|730.1|738.47|1266|739.89|||
28SEP2026|SKRS|0826|Sakrand Sugar|23.8|24.47|23.8|24.1|8131|24.17|||
28SEP2026|SLGL|0833|Secure Logistics -Tr|14.21|14.25|13.94|14.01|641507|14.18|||
28SEP2026|SLGL-CDEC|40|Secure Logistics -Tr|0.0|0|0|14.54|0|14.72|||
28SEP2026|SLGL-CNOV|40|Secure Logistics -Tr|0.0|0|0|14.38|0|14.56|||
28SEP2026|SLGL-COCT|40|Secure Logistics -Tr|0.0|0|0|14.21|0|14.38|||
28SEP2026|SLGL-DEC|40|Secure Logistics -Tr|0.0|0|0|14.54|0|14.72|||
28SEP2026|SLGL-NOV|40|Secure Logistics -Tr|0.0|0|0|14.38|0|14.56|||
28SEP2026|SLGL-OCT|40|Secure Logistics -Tr|14.33|14.35|14.12|14.16|92000|14.3|||
28SEP2026|SLM|0802|Service Long March|23.45|23.45|22.79|22.88|1595711|22.95|||
28SEP2026|SLYT|0830|Sally Textile|17.5|17.95|16.26|17|17697|17.18|||
28SEP2026|SMCPL|0804|Safe Mix Con.Ltd|39.91|40.49|39|40.12|4466|39.93|||
28SEP2026|SML|0826|Shakarganj Limited|100.0|100|100|100|1|100|||
28SEP2026|SNAI|0830|Sana Ind.|34.74|34.74|34.5|34.74|330|34.74|||
28SEP2026|SNBL|0807|Soneri Bank Ltd|19.8|19.91|19.49|19.54|98392|19.64|||
28SEP2026|SNBL-DEC|40|Soneri Bank Ltd|0.0|0|0|20.28|0|20.39|||
28SEP2026|SNBL-NOV|40|Soneri Bank Ltd|0.0|0|0|20.05|0|20.16|||
28SEP2026|SNBL-OCT|40|Soneri Bank Ltd|19.88|19.94|19.68|19.7|59500|19.92|||
28SEP2026|SNGP|0821|Sui North Gas|93.51|94.99|92.38|92.81|552002|93.37|||
28SEP2026|SNGP-DEC|40|Sui North Gas|0.0|0|0|96.33|0|96.96|||
28SEP2026|SNGP-NOV|40|Sui North Gas|0.0|0|0|95.24|0|95.85|||
28SEP2026|SNGP-OCT|40|Sui North Gas|94.01|95.31|93.14|93.38|272500|94.1|||
28SEP2026|SOYASUP|0810|Agro Processors|31.0|31|30.55|30.71|53846|30.75|||
28SEP2026|SPAC1|0813|LSE SPAC-I Ltd.|18.03|19.89|17.68|18.98|3230148|18.53|||
28SEP2026|SPAC2|0813|LSE SPAC-II|14.02|14.1|13.75|14.02|14414|14.16|||
28SEP2026|SPEL|0822|SPEL Limited|42.01|42.5|41.23|41.47|284893|42.18|||
28SEP2026|SPEL-CDEC|40|SPEL Limited|0.0|0|0|43.04|0|43.8|||
28SEP2026|SPEL-CNOV|40|SPEL Limited|0.0|0|0|42.56|0|43.3|||
28SEP2026|SPEL-COCT|40|SPEL Limited|0.0|0|0|42.05|0|42.79|||
28SEP2026|SPL|0805|Sitara Peroxide|42.6|43.5|42.6|43|1231|42.6|||
28SEP2026|SPSL|0821|Sitara Petroleum|16.29|16.33|16.05|16.17|1817250|16.18|||
28SEP2026|SPWL|0824|Saif Power Ltd|8.0|8|7.81|7.82|186952|7.9|||
28SEP2026|SRR|0836|Signature Residency|16.95|18|16.61|16.97|23902|16.95|||
28SEP2026|SRVI|0816|Service Ind.Ltd|180.99|181.5|176.25|179.3|31728|180.12|||
28SEP2026|SSGC|0821|Sui South Gas|24.34|24.49|24.02|24.12|2396571|24.28|||
28SEP2026|SSGC-DEC|40|Sui South Gas|0.0|0|0|25.04|0|25.21|||
28SEP2026|SSGC-NOV|40|Sui South Gas|0.0|0|0|24.75|0|24.93|||
28SEP2026|SSGC-OCT|40|Sui South Gas|24.58|24.7|24.2|24.33|1660000|24.51|||
28SEP2026|SSML|0830|Saritow Spinning|18.99|19.75|18.85|19|31287|18.82|||
28SEP2026|SSOM|0834|S.S.Oil|443.01|450.46|441.13|446.88|3644|442.32|||
28SEP2026|STCL|0811|Shabbir Tiles|9.03|9.2|8.8|8.82|222767|8.97|||
28SEP2026|STJT|0831|Shahtaj Textile|139.51|143|139.51|143|2387|139.51|||
28SEP2026|STL|0828|Supernet Techno|25.05|25.05|24.25|24.48|595452|25.03|||
28SEP2026|STML|0829|Shams Textile|49.0|49|45|45.1|8562|48.52|||
28SEP2026|STPL|0818|Siddiqsons Tin|8.03|8.35|8|8.02|141427|8.03|||
28SEP2026|STYLERS|0839|Stylers Int.Ltd.|50.0|50.99|49|50.49|21382|50.91|||
28SEP2026|SURC|0829|Suraj Cotton Mills|149.5|160|146|156.62|37654|150|||
28SEP2026|SUTM|0830|Sunrays Textile|112.35|112.35|105|106.34|272|111.99|||
28SEP2026|SYM|0828|Symmetry Group Ltd|12.74|12.74|12.5|12.61|383605|12.74|||
28SEP2026|SYS|0828|Systems Limited|120.0|120|118.89|119.16|624988|119.42|||
28SEP2026|SYS-DEC|40|Systems Limited|0.0|0|0|123.68|0|124.01|||
28SEP2026|SYS-NOV|40|Systems Limited|0.0|0|0|122.28|0|122.59|||
28SEP2026|SYS-OCT|40|Systems Limited|120.81|120.81|119.77|120.28|78500|120.49|||
28SEP2026|SZTM|0830|Shahzad Tex.|87.89|87.89|82.5|83.06|4921|86.3|||
28SEP2026|TATM|0830|Tata Textile|156.95|162|154.54|158.07|91094|156.98|||
28SEP2026|TBL|0802|Treet Battery Ltd.|8.76|8.93|8.7|8.8|979489|8.75|||
28SEP2026|TBL-CDEC|40|Treet Battery Ltd.|0.0|0|0|9.13|0|9.09|||
28SEP2026|TBL-CNOV|40|Treet Battery Ltd.|0.0|0|0|9.03|0|8.98|||
28SEP2026|TBL-COCT|40|Treet Battery Ltd.|0.0|0|0|8.92|0|8.88|||
28SEP2026|TCORP|0826|Tariq Corp Ltd.|20.0|20.25|19.6|20.11|26003|20.05|||
28SEP2026|TCORPCPS|0826|Tariq Corp (PR)|12.0|12|10.59|11.35|3011|11.3|||
28SEP2026|TELE|0828|Telecard Limited|7.7|7.82|7.7|7.8|786445|7.7|||
28SEP2026|TELE-CDEC|40|Telecard Limited|0.0|0|0|8.1|0|8|||
28SEP2026|TELE-CNOV|40|Telecard Limited|0.0|0|0|8|0|7.9|||
28SEP2026|TELE-COCT|40|Telecard Limited|0.0|0|0|7.91|0|7.81|||
28SEP2026|TELE-DEC|40|Telecard Limited|0.0|0|0|8.1|0|8|||
28SEP2026|TELE-NOV|40|Telecard Limited|0.0|0|0|8|0|7.9|||
28SEP2026|TELE-OCT|40|Telecard Limited|7.88|8.45|7.78|8.09|478500|7.79|||
28SEP2026|TGL|0811|Tariq Glass Ind|155.61|160|155.61|157.76|190041|155.49|||
28SEP2026|THALL|0802|Thal Limited|516.0|521.01|510|512.31|21338|516.07|||
28SEP2026|THCCL|0804|Thatta Cement|75.02|76.4|74.86|75.01|944150|75.48|||
28SEP2026|THCCL-CDEC|40|Thatta Cement|0.0|0|0|77.86|0|78.38|||
28SEP2026|THCCL-CNOV|40|Thatta Cement|0.0|0|0|76.97|0|77.49|||
28SEP2026|THCCL-COCT|40|Thatta Cement|0.0|0|0|76.06|0|76.57|||
28SEP2026|THCCL-DEC|40|Thatta Cement|0.0|0|0|77.86|0|78.38|||
28SEP2026|THCCL-NOV|40|Thatta Cement|77.0|77|76|76.87|5500|77.49|||
28SEP2026|THCCL-OCT|40|Thatta Cement|76.2|76.64|75.5|75.57|416000|76.17|||
28SEP2026|TICL|0826|Thal Ind.Corp.|1019.98|1019.98|1010|1010.2|576|1012.18|||
28SEP2026|TISL|0818|Tasdeeq Information|4.62|5.29|4.62|4.95|60321552|4.6|||
28SEP2026|TOMCL|0810|The Organic Meat|33.25|33.66|32.82|33.09|429067|33.24|||
28SEP2026|TOMCL-CDEC|40|The Organic Meat|0.0|0|0|34.35|0|34.52|||
28SEP2026|TOMCL-CNOV|40|The Organic Meat|0.0|0|0|33.96|0|34.12|||
28SEP2026|TOMCL-COCT|40|The Organic Meat|0.0|0|0|33.55|0|33.72|||
28SEP2026|TOMCL-DEC|40|The Organic Meat|0.0|0|0|34.35|0|34.52|||
28SEP2026|TOMCL-NOV|40|The Organic Meat|0.0|0|0|33.96|0|34.12|||
28SEP2026|TOMCL-OCT|40|The Organic Meat|33.97|33.97|33.2|33.49|596500|33.52|||
28SEP2026|TOWL|0829|Towellers Limited|130.39|133.98|127.51|128.39|38745|130.39|||
28SEP2026|TPL|0828|TPL Corp Ltd|21.32|22.1|21.32|21.82|646064|21.32|||
28SEP2026|TPL-DEC|40|TPL Corp Ltd|0.0|0|0|22.65|0|22.14|||
28SEP2026|TPLI|0812|TPL Insurance|49.01|53.84|49.01|51.2|1754|50.01|||
28SEP2026|TPLL|0812|TPL Life Insurance|19.45|19.45|18.02|18.25|3486|18.18|||
28SEP2026|TPL-NOV|40|TPL Corp Ltd|0.0|0|0|22.39|0|21.89|||
28SEP2026|TPL-OCT|40|TPL Corp Ltd|21.71|22.25|21.71|21.96|440000|21.8|||
28SEP2026|TPLP|0838|TPL Properties|12.32|12.75|12.02|12.36|3833824|12.27|||
28SEP2026|TPLP-CDEC|40|TPL Properties|0.0|0|0|12.83|0|12.74|||
28SEP2026|TPLP-CNOV|40|TPL Properties|0.0|0|0|12.68|0|12.6|||
28SEP2026|TPLP-COCT|40|TPL Properties|0.0|0|0|12.53|0|12.45|||
28SEP2026|TPLP-DEC|40|TPL Properties|0.0|0|0|12.83|0|12.74|||
28SEP2026|TPLP-NOV|40|TPL Properties|0.0|0|0|12.68|0|12.6|||
28SEP2026|TPLP-OCT|40|TPL Properties|12.31|12.84|12.25|12.45|2893000|12.39|||
28SEP2026|TPLRF1|0836|TPL REIT Fund I|9.38|9.38|9.15|9.24|1144763|9.24|||
28SEP2026|TPLRF1-NOV|40|TPL REIT Fund I|0.0|0|0|9.48|0|9.49|||
28SEP2026|TPLRF1-OCT|40|TPL REIT Fund I|9.4|9.4|9.25|9.32|475500|9.36|||
28SEP2026|TPLT|0828|TPL Trakker Ltd|31.69|33|30.56|31.73|152863|31.5|||
28SEP2026|TREET|0810|Treet Corp|22.8|23.38|22.61|22.77|1838393|22.8|||
28SEP2026|TREET-CDEC|40|Treet Corp|0.0|0|0|23.63|0|23.68|||
28SEP2026|TREET-CNOV|40|Treet Corp|0.0|0|0|23.37|0|23.41|||
28SEP2026|TREET-COCT|40|Treet Corp|0.0|0|0|23.09|0|23.13|||
28SEP2026|TREET-DEC|40|Treet Corp|0.0|0|0|23.63|0|23.68|||
28SEP2026|TREET-NOV|40|Treet Corp|0.0|0|0|23.37|0|23.41|||
28SEP2026|TREET-OCT|40|Treet Corp|23.01|23.6|22.33|22.97|1697000|23.08|||
28SEP2026|TRG|0828|TRG Pak Ltd|52.9|57.72|52.8|57.72|9097853|52.47|||
28SEP2026|TRG-CDEC|40|TRG Pak Ltd|0.0|0|0|59.91|0|54.49|||
28SEP2026|TRG-CNOV|40|TRG Pak Ltd|0.0|0|0|59.23|0|53.86|||
28SEP2026|TRG-COCT|40|TRG Pak Ltd|0.0|0|0|58.53|0|53.22|||
28SEP2026|TRG-DEC|40|TRG Pak Ltd|0.0|0|0|59.91|0|54.49|||
28SEP2026|TRG-NOV|40|TRG Pak Ltd|59.25|59.25|59.24|59.25|41500|53.86|||
28SEP2026|TRG-OCT|40|TRG Pak Ltd|53.33|58.27|53.15|58.27|6815000|52.97|||
28SEP2026|TRIPF|0818|Tri-Pack Films|135.2|136|133.51|134.95|4510|137.57|||
28SEP2026|TRSM|0819|Trust Modaraba|13.22|14.19|13.01|13.6|510407|13.22|||
28SEP2026|TSBL|0813|Trust Brokerage|2.37|2.37|2.3|2.33|10384340|2.37|||
28SEP2026|TSMF|0806|Tri-Star Mutual|15.69|15.69|14.51|15.31|2400|15.12|||
28SEP2026|TSML|0826|Tandlianwala Sugar|507.46|507.46|495|499.55|188|507.46|||
28SEP2026|TSPL|0824|Tri-Star Power|13.5|13.5|13.32|13.39|6161|13.49|||
28SEP2026|UBDL|0818|United Brands|26.9|26.9|25.7|25.93|2980|26.3|||
28SEP2026|UBL|0807|United Bank|427.47|429.48|423.01|424.18|329997|427.47|||
28SEP2026|UBL-CDEC|40|United Bank|0.0|0|0|440.29|0|443.89|||
28SEP2026|UBL-CNOV|40|United Bank|0.0|0|0|435.29|0|438.83|||
28SEP2026|UBL-COCT|40|United Bank|0.0|0|0|430.1|0|433.62|||
28SEP2026|UBL-DEC|40|United Bank|0.0|0|0|440.29|0|443.89|||
28SEP2026|UBL-NOV|40|United Bank|0.0|0|0|435.29|0|438.83|||
28SEP2026|UBL-OCT|40|United Bank|427.86|427.96|427|427.27|4500|430.47|||
28SEP2026|UBLPETF|0837|UBLPakistanETF|28.52|28.52|28.3|28.35|103500|28.36|||
28SEP2026|UBLPETF-DEC|40|UBLPakistanETF|0.0|0|0|29.43|0|29.45|||
28SEP2026|UBLPETF-NOV|40|UBLPakistanETF|0.0|0|0|29.09|0|29.11|||
28SEP2026|UBLPETF-OCT|40|UBLPakistanETF|0.0|0|0|28.75|0|28.77|||
28SEP2026|UCAPM|0819|Unicap Modaraba|5.2|5.45|5.2|5.3|41477|5.31|||
28SEP2026|UDLI|0818|UDL Int.Ltd.|16.75|16.79|16.41|16.72|56772|16.61|||
28SEP2026|UDPL|0818|United Distributor|109.2|109.98|106|107.2|31623|108.57|||
28SEP2026|UNIC|0812|United Insurance|11.19|11.2|11.01|11.19|3874|11.19|||
28SEP2026|UNITY|0810|Unity Foods Ltd|8.08|8.15|8|8.02|2242380|8.06|||
28SEP2026|UNITY-CDEC|40|Unity Foods Ltd|0.0|0|0|8.32|0|8.37|||
28SEP2026|UNITY-CNOV|40|Unity Foods Ltd|0.0|0|0|8.23|0|8.27|||
28SEP2026|UNITY-COCT|40|Unity Foods Ltd|0.0|0|0|8.13|0|8.18|||
28SEP2026|UNITY-DEC|40|Unity Foods Ltd|0.0|0|0|8.32|0|8.37|||
28SEP2026|UNITY-NOV|40|Unity Foods Ltd|0.0|0|0|8.23|0|8.27|||
28SEP2026|UNITY-OCT|40|Unity Foods Ltd|8.14|8.14|8.08|8.09|346000|8.15|||
28SEP2026|UPFL|0810|Unilever Foods|25300.0|25300|24680|25185.5|110|24982|||
28SEP2026|UVIC|0812|Universal Ins.|20.2|20.2|18|18.08|3922|18.8|||
28SEP2026|WAFI|0821|Wafi Energy Pak|164.99|165|163|163.13|23709|163.91|||
28SEP2026|WAHDAT|0810|Wahdat Poultry Farm|14.92|15.19|14.82|14.87|118027|15|||
28SEP2026|WAHN|0805|Wah-Noble|244.48|250|239|239.99|27508|242.8|||
28SEP2026|WASL|0819|Wasl Mobility Mod|5.71|5.78|5.7|5.73|155407|5.74|||
28SEP2026|WAVES|0803|Waves Corp Ltd.|9.1|9.14|9|9.01|329515|9.05|||
28SEP2026|WAVESAPP|0803|Waves Home App|8.25|8.25|7.95|8.03|1084139|8.12|||
28SEP2026|WAVESAPP-DEC|40|Waves Home App|0.0|0|0|8.33|0|8.43|||
28SEP2026|WAVESAPP-NOV|40|Waves Home App|0.0|0|0|8.24|0|8.34|||
28SEP2026|WAVESAPP-OCTB|40|Waves Home App|8.22|8.29|8.04|8.07|400500|8.22|||
28SEP2026|WAVES-CDEC|40|Waves Corp Ltd.|0.0|0|0|9.35|0|9.4|||
28SEP2026|WAVES-CNOV|40|Waves Corp Ltd.|0.0|0|0|9.25|0|9.29|||
28SEP2026|WAVES-COCT|40|Waves Corp Ltd.|0.0|0|0|9.14|0|9.18|||
28SEP2026|WAVES-DEC|40|Waves Corp Ltd.|0.0|0|0|9.35|0|9.4|||
28SEP2026|WAVES-NOV|40|Waves Corp Ltd.|0.0|0|0|9.25|0|9.29|||
28SEP2026|WAVES-OCT|40|Waves Corp Ltd.|9.18|9.19|9.08|9.1|50000|9.15|||
28SEP2026|WTL|0828|WorldCall Telecom|1.02|1.08|1.02|1.05|20432459|1.02|||
28SEP2026|WTL-DEC|40|WorldCall Telecom|0.0|0|0|1.09|0|1.06|||
28SEP2026|WTL-NOV|40|WorldCall Telecom|0.0|0|0|1.08|0|1.05|||
28SEP2026|WTL-OCT|40|WorldCall Telecom|1.06|1.09|1.04|1.06|10720500|1.04|||
28SEP2026|YOUW|0831|Yousuf Weaving|4.82|5.03|4.82|4.87|490385|4.94|||
28SEP2026|ZAHID|0829|ZahidJee Tex.|62.5|65|61.99|62.14|2592|64.13|||
28SEP2026|ZAL|0828|Zarea Limited|41.27|41.87|40.5|40.67|179025|41.58|||
28SEP2026|ZAL-CDEC|40|Zarea Limited|0.0|0|0|42.21|0|43.18|||
28SEP2026|ZAL-CNOV|40|Zarea Limited|0.0|0|0|41.73|0|42.68|||
28SEP2026|ZAL-COCT|40|Zarea Limited|0.0|0|0|41.24|0|42.18|||
28SEP2026|ZIL|0810|ZIL Limited|333.29|333.31|333|317.48|56|317.48|||
28SEP2026|ZTL|0831|Zephyr Textile|16.29|16.5|15.4|15.51|21385|16.28|||
28SEP2026|ZUMA|0828|Zuma Resources Ltd.|28.17|28.53|27.26|28.24|3277616|27.85|||
